in_source: |-
  let c = read_char();
  while(c != 0) {
    print_char(c);
    c = read_char();
  }
in_stdin: |-
  Hello, World!
out_log: |
  DEBUG emulator:simulation TICK:   0 PC:   0  MEM_OUT: r3 0 reg: 'r0': 0, 'r1': 0, 'r2': 0, 'r3': 0, 'r4': 0, 'r5': 0, 'r6': 0, 'r7': 0, 'r8': 0, 'r9': 0, 'r10': 0, 'r11': 0, 'r12': 0, 'r13': 0, 'r14': 0, 'r15': 4095 	  ('0'@Opcode.LD_LIT:Register.r3 0)
  DEBUG emulator:simulation TICK:   3 PC:   1  MEM_OUT: r3 0 reg: 'r0': 0, 'r1': 0, 'r2': 0, 'r3': 0, 'r4': 0, 'r5': 0, 'r6': 0, 'r7': 0, 'r8': 0, 'r9': 0, 'r10': 0, 'r11': 0, 'r12': 0, 'r13': 1, 'r14': Register.r3, 'r15': 4095 	  ('1'@Opcode.PUSH:Register.r3 0)
  DEBUG emulator:simulation TICK:   8 PC:   2  MEM_OUT: r9 0 reg: 'r0': 0, 'r1': 0, 'r2': 0, 'r3': 0, 'r4': 0, 'r5': 0, 'r6': 0, 'r7': 0, 'r8': 0, 'r9': 0, 'r10': 0, 'r11': 0, 'r12': 0, 'r13': 2, 'r14': 0, 'r15': 4094 	  ('2'@Opcode.READ:Register.r9 0)
  DEBUG emulator:simulation TICK:  11 PC:   3  MEM_OUT: r9 0 reg: 'r0': 0, 'r1': 0, 'r2': 0, 'r3': 0, 'r4': 0, 'r5': 0, 'r6': 0, 'r7': 0, 'r8': 0, 'r9': 72, 'r10': 0, 'r11': 0, 'r12': 0, 'r13': 3, 'r14': Register.r9, 'r15': 4094 	  ('3'@Opcode.ST_STACK:Register.r9 0)
  DEBUG emulator:simulation TICK:  16 PC:   4  MEM_OUT: r12 0 reg: 'r0': 0, 'r1': 0, 'r2': 0, 'r3': 0, 'r4': 0, 'r5': 0, 'r6': 0, 'r7': 0, 'r8': 0, 'r9': 72, 'r10': 0, 'r11': 0, 'r12': 0, 'r13': 4, 'r14': 72, 'r15': 4094 	  ('4'@Opcode.LD_STACK:Register.r12 0)
  DEBUG emulator:simulation TICK:  21 PC:   5  MEM_OUT: r9 0 reg: 'r0': 0, 'r1': 0, 'r2': 0, 'r3': 0, 'r4': 0, 'r5': 0, 'r6': 0, 'r7': 0, 'r8': 0, 'r9': 72, 'r10': 0, 'r11': 0, 'r12': 72, 'r13': 5, 'r14': 72, 'r15': 4094 	  ('5'@Opcode.LD_LIT:Register.r9 0)
  DEBUG emulator:simulation TICK:  24 PC:   6  MEM_OUT: r12 r9 reg: 'r0': 0, 'r1': 0, 'r2': 0, 'r3': 0, 'r4': 0, 'r5': 0, 'r6': 0, 'r7': 0, 'r8': 0, 'r9': 0, 'r10': 0, 'r11': 0, 'r12': 72, 'r13': 6, 'r14': Register.r9, 'r15': 4094 	  ('6'@Opcode.CMP:Register.r12 Register.r9)
  DEBUG emulator:simulation TICK:  29 PC:   7  MEM_OUT: 14 0 reg: 'r0': 0, 'r1': 0, 'r2': 0, 'r3': 0, 'r4': 0, 'r5': 0, 'r6': 0, 'r7': 0, 'r8': 0, 'r9': 0, 'r10': 0, 'r11': 0, 'r12': 72, 'r13': 7, 'r14': Register.r12, 'r15': 4094 	  ('7'@Opcode.JE:14 0)
  DEBUG emulator:simulation TICK:  31 PC:   8  MEM_OUT: r4 0 reg: 'r0': 0, 'r1': 0, 'r2': 0, 'r3': 0, 'r4': 0, 'r5': 0, 'r6': 0, 'r7': 0, 'r8': 0, 'r9': 0, 'r10': 0, 'r11': 0, 'r12': 72, 'r13': 8, 'r14': 14, 'r15': 4094 	  ('8'@Opcode.LD_STACK:Register.r4 0)
  DEBUG emulator:simulation TICK:  36 PC:   9  MEM_OUT: r4 r9 reg: 'r0': 0, 'r1': 0, 'r2': 0, 'r3': 0, 'r4': 72, 'r5': 0, 'r6': 0, 'r7': 0, 'r8': 0, 'r9': 0, 'r10': 0, 'r11': 0, 'r12': 72, 'r13': 9, 'r14': 72, 'r15': 4094 	  ('9'@Opcode.MV:Register.r4 Register.r9)
  DEBUG emulator:simulation TICK:  40 PC:  10  MEM_OUT: r9 0 reg: 'r0': 0, 'r1': 0, 'r2': 0, 'r3': 0, 'r4': 72, 'r5': 0, 'r6': 0, 'r7': 0, 'r8': 0, 'r9': 72, 'r10': 0, 'r11': 0, 'r12': 72, 'r13': 10, 'r14': Register.r4, 'r15': 4094 	  ('10'@Opcode.PRINT:Register.r9 0)
  DEBUG emulator:simulation TICK:  44 PC:  11  MEM_OUT: r9 0 reg: 'r0': 0, 'r1': 0, 'r2': 0, 'r3': 0, 'r4': 72, 'r5': 0, 'r6': 0, 'r7': 0, 'r8': 0, 'r9': 72, 'r10': 0, 'r11': 0, 'r12': 72, 'r13': 11, 'r14': Register.r9, 'r15': 4094 	  ('11'@Opcode.READ:Register.r9 0)
  DEBUG emulator:simulation TICK:  47 PC:  12  MEM_OUT: r9 0 reg: 'r0': 0, 'r1': 0, 'r2': 0, 'r3': 0, 'r4': 72, 'r5': 0, 'r6': 0, 'r7': 0, 'r8': 0, 'r9': 101, 'r10': 0, 'r11': 0, 'r12': 72, 'r13': 12, 'r14': Register.r9, 'r15': 4094 	  ('12'@Opcode.ST_STACK:Register.r9 0)
  DEBUG emulator:simulation TICK:  52 PC:  13  MEM_OUT: 4 0 reg: 'r0': 0, 'r1': 0, 'r2': 0, 'r3': 0, 'r4': 72, 'r5': 0, 'r6': 0, 'r7': 0, 'r8': 0, 'r9': 101, 'r10': 0, 'r11': 0, 'r12': 72, 'r13': 13, 'r14': 101, 'r15': 4094 	  ('13'@Opcode.JUMP:4 0)
  DEBUG emulator:simulation TICK:  54 PC:   4  MEM_OUT: r12 0 reg: 'r0': 0, 'r1': 0, 'r2': 0, 'r3': 0, 'r4': 72, 'r5': 0, 'r6': 0, 'r7': 0, 'r8': 0, 'r9': 101, 'r10': 0, 'r11': 0, 'r12': 72, 'r13': 4, 'r14': 4, 'r15': 4094 	  ('4'@Opcode.LD_STACK:Register.r12 0)
  DEBUG emulator:simulation TICK:  59 PC:   5  MEM_OUT: r9 0 reg: 'r0': 0, 'r1': 0, 'r2': 0, 'r3': 0, 'r4': 72, 'r5': 0, 'r6': 0, 'r7': 0, 'r8': 0, 'r9': 101, 'r10': 0, 'r11': 0, 'r12': 101, 'r13': 5, 'r14': 101, 'r15': 4094 	  ('5'@Opcode.LD_LIT:Register.r9 0)
  DEBUG emulator:simulation TICK:  62 PC:   6  MEM_OUT: r12 r9 reg: 'r0': 0, 'r1': 0, 'r2': 0, 'r3': 0, 'r4': 72, 'r5': 0, 'r6': 0, 'r7': 0, 'r8': 0, 'r9': 0, 'r10': 0, 'r11': 0, 'r12': 101, 'r13': 6, 'r14': Register.r9, 'r15': 4094 	  ('6'@Opcode.CMP:Register.r12 Register.r9)
  DEBUG emulator:simulation TICK:  67 PC:   7  MEM_OUT: 14 0 reg: 'r0': 0, 'r1': 0, 'r2': 0, 'r3': 0, 'r4': 72, 'r5': 0, 'r6': 0, 'r7': 0, 'r8': 0, 'r9': 0, 'r10': 0, 'r11': 0, 'r12': 101, 'r13': 7, 'r14': Register.r12, 'r15': 4094 	  ('7'@Opcode.JE:14 0)
  DEBUG emulator:simulation TICK:  69 PC:   8  MEM_OUT: r4 0 reg: 'r0': 0, 'r1': 0, 'r2': 0, 'r3': 0, 'r4': 72, 'r5': 0, 'r6': 0, 'r7': 0, 'r8': 0, 'r9': 0, 'r10': 0, 'r11': 0, 'r12': 101, 'r13': 8, 'r14': 14, 'r15': 4094 	  ('8'@Opcode.LD_STACK:Register.r4 0)
  DEBUG emulator:simulation TICK:  74 PC:   9  MEM_OUT: r4 r9 reg: 'r0': 0, 'r1': 0, 'r2': 0, 'r3': 0, 'r4': 101, 'r5': 0, 'r6': 0, 'r7': 0, 'r8': 0, 'r9': 0, 'r10': 0, 'r11': 0, 'r12': 101, 'r13': 9, 'r14': 101, 'r15': 4094 	  ('9'@Opcode.MV:Register.r4 Register.r9)
  DEBUG emulator:simulation TICK:  78 PC:  10  MEM_OUT: r9 0 reg: 'r0': 0, 'r1': 0, 'r2': 0, 'r3': 0, 'r4': 101, 'r5': 0, 'r6': 0, 'r7': 0, 'r8': 0, 'r9': 101, 'r10': 0, 'r11': 0, 'r12': 101, 'r13': 10, 'r14': Register.r4, 'r15': 4094 	  ('10'@Opcode.PRINT:Register.r9 0)
  DEBUG emulator:simulation TICK:  82 PC:  11  MEM_OUT: r9 0 reg: 'r0': 0, 'r1': 0, 'r2': 0, 'r3': 0, 'r4': 101, 'r5': 0, 'r6': 0, 'r7': 0, 'r8': 0, 'r9': 101, 'r10': 0, 'r11': 0, 'r12': 101, 'r13': 11, 'r14': Register.r9, 'r15': 4094 	  ('11'@Opcode.READ:Register.r9 0)
  DEBUG emulator:simulation TICK:  85 PC:  12  MEM_OUT: r9 0 reg: 'r0': 0, 'r1': 0, 'r2': 0, 'r3': 0, 'r4': 101, 'r5': 0, 'r6': 0, 'r7': 0, 'r8': 0, 'r9': 108, 'r10': 0, 'r11': 0, 'r12': 101, 'r13': 12, 'r14': Register.r9, 'r15': 4094 	  ('12'@Opcode.ST_STACK:Register.r9 0)
  DEBUG emulator:simulation TICK:  90 PC:  13  MEM_OUT: 4 0 reg: 'r0': 0, 'r1': 0, 'r2': 0, 'r3': 0, 'r4': 101, 'r5': 0, 'r6': 0, 'r7': 0, 'r8': 0, 'r9': 108, 'r10': 0, 'r11': 0, 'r12': 101, 'r13': 13, 'r14': 108, 'r15': 4094 	  ('13'@Opcode.JUMP:4 0)
  DEBUG emulator:simulation TICK:  92 PC:   4  MEM_OUT: r12 0 reg: 'r0': 0, 'r1': 0, 'r2': 0, 'r3': 0, 'r4': 101, 'r5': 0, 'r6': 0, 'r7': 0, 'r8': 0, 'r9': 108, 'r10': 0, 'r11': 0, 'r12': 101, 'r13': 4, 'r14': 4, 'r15': 4094 	  ('4'@Opcode.LD_STACK:Register.r12 0)
  DEBUG emulator:simulation TICK:  97 PC:   5  MEM_OUT: r9 0 reg: 'r0': 0, 'r1': 0, 'r2': 0, 'r3': 0, 'r4': 101, 'r5': 0, 'r6': 0, 'r7': 0, 'r8': 0, 'r9': 108, 'r10': 0, 'r11': 0, 'r12': 108, 'r13': 5, 'r14': 108, 'r15': 4094 	  ('5'@Opcode.LD_LIT:Register.r9 0)
  DEBUG emulator:simulation TICK: 100 PC:   6  MEM_OUT: r12 r9 reg: 'r0': 0, 'r1': 0, 'r2': 0, 'r3': 0, 'r4': 101, 'r5': 0, 'r6': 0, 'r7': 0, 'r8': 0, 'r9': 0, 'r10': 0, 'r11': 0, 'r12': 108, 'r13': 6, 'r14': Register.r9, 'r15': 4094 	  ('6'@Opcode.CMP:Register.r12 Register.r9)
  DEBUG emulator:simulation TICK: 105 PC:   7  MEM_OUT: 14 0 reg: 'r0': 0, 'r1': 0, 'r2': 0, 'r3': 0, 'r4': 101, 'r5': 0, 'r6': 0, 'r7': 0, 'r8': 0, 'r9': 0, 'r10': 0, 'r11': 0, 'r12': 108, 'r13': 7, 'r14': Register.r12, 'r15': 4094 	  ('7'@Opcode.JE:14 0)
  DEBUG emulator:simulation TICK: 107 PC:   8  MEM_OUT: r4 0 reg: 'r0': 0, 'r1': 0, 'r2': 0, 'r3': 0, 'r4': 101, 'r5': 0, 'r6': 0, 'r7': 0, 'r8': 0, 'r9': 0, 'r10': 0, 'r11': 0, 'r12': 108, 'r13': 8, 'r14': 14, 'r15': 4094 	  ('8'@Opcode.LD_STACK:Register.r4 0)
  DEBUG emulator:simulation TICK: 112 PC:   9  MEM_OUT: r4 r9 reg: 'r0': 0, 'r1': 0, 'r2': 0, 'r3': 0, 'r4': 108, 'r5': 0, 'r6': 0, 'r7': 0, 'r8': 0, 'r9': 0, 'r10': 0, 'r11': 0, 'r12': 108, 'r13': 9, 'r14': 108, 'r15': 4094 	  ('9'@Opcode.MV:Register.r4 Register.r9)
  DEBUG emulator:simulation TICK: 116 PC:  10  MEM_OUT: r9 0 reg: 'r0': 0, 'r1': 0, 'r2': 0, 'r3': 0, 'r4': 108, 'r5': 0, 'r6': 0, 'r7': 0, 'r8': 0, 'r9': 108, 'r10': 0, 'r11': 0, 'r12': 108, 'r13': 10, 'r14': Register.r4, 'r15': 4094 	  ('10'@Opcode.PRINT:Register.r9 0)
  DEBUG emulator:simulation TICK: 120 PC:  11  MEM_OUT: r9 0 reg: 'r0': 0, 'r1': 0, 'r2': 0, 'r3': 0, 'r4': 108, 'r5': 0, 'r6': 0, 'r7': 0, 'r8': 0, 'r9': 108, 'r10': 0, 'r11': 0, 'r12': 108, 'r13': 11, 'r14': Register.r9, 'r15': 4094 	  ('11'@Opcode.READ:Register.r9 0)
  DEBUG emulator:simulation TICK: 123 PC:  12  MEM_OUT: r9 0 reg: 'r0': 0, 'r1': 0, 'r2': 0, 'r3': 0, 'r4': 108, 'r5': 0, 'r6': 0, 'r7': 0, 'r8': 0, 'r9': 108, 'r10': 0, 'r11': 0, 'r12': 108, 'r13': 12, 'r14': Register.r9, 'r15': 4094 	  ('12'@Opcode.ST_STACK:Register.r9 0)
  DEBUG emulator:simulation TICK: 128 PC:  13  MEM_OUT: 4 0 reg: 'r0': 0, 'r1': 0, 'r2': 0, 'r3': 0, 'r4': 108, 'r5': 0, 'r6': 0, 'r7': 0, 'r8': 0, 'r9': 108, 'r10': 0, 'r11': 0, 'r12': 108, 'r13': 13, 'r14': 108, 'r15': 4094 	  ('13'@Opcode.JUMP:4 0)
  DEBUG emulator:simulation TICK: 130 PC:   4  MEM_OUT: r12 0 reg: 'r0': 0, 'r1': 0, 'r2': 0, 'r3': 0, 'r4': 108, 'r5': 0, 'r6': 0, 'r7': 0, 'r8': 0, 'r9': 108, 'r10': 0, 'r11': 0, 'r12': 108, 'r13': 4, 'r14': 4, 'r15': 4094 	  ('4'@Opcode.LD_STACK:Register.r12 0)
  DEBUG emulator:simulation TICK: 135 PC:   5  MEM_OUT: r9 0 reg: 'r0': 0, 'r1': 0, 'r2': 0, 'r3': 0, 'r4': 108, 'r5': 0, 'r6': 0, 'r7': 0, 'r8': 0, 'r9': 108, 'r10': 0, 'r11': 0, 'r12': 108, 'r13': 5, 'r14': 108, 'r15': 4094 	  ('5'@Opcode.LD_LIT:Register.r9 0)
  DEBUG emulator:simulation TICK: 138 PC:   6  MEM_OUT: r12 r9 reg: 'r0': 0, 'r1': 0, 'r2': 0, 'r3': 0, 'r4': 108, 'r5': 0, 'r6': 0, 'r7': 0, 'r8': 0, 'r9': 0, 'r10': 0, 'r11': 0, 'r12': 108, 'r13': 6, 'r14': Register.r9, 'r15': 4094 	  ('6'@Opcode.CMP:Register.r12 Register.r9)
  DEBUG emulator:simulation TICK: 143 PC:   7  MEM_OUT: 14 0 reg: 'r0': 0, 'r1': 0, 'r2': 0, 'r3': 0, 'r4': 108, 'r5': 0, 'r6': 0, 'r7': 0, 'r8': 0, 'r9': 0, 'r10': 0, 'r11': 0, 'r12': 108, 'r13': 7, 'r14': Register.r12, 'r15': 4094 	  ('7'@Opcode.JE:14 0)
  DEBUG emulator:simulation TICK: 145 PC:   8  MEM_OUT: r4 0 reg: 'r0': 0, 'r1': 0, 'r2': 0, 'r3': 0, 'r4': 108, 'r5': 0, 'r6': 0, 'r7': 0, 'r8': 0, 'r9': 0, 'r10': 0, 'r11': 0, 'r12': 108, 'r13': 8, 'r14': 14, 'r15': 4094 	  ('8'@Opcode.LD_STACK:Register.r4 0)
  DEBUG emulator:simulation TICK: 150 PC:   9  MEM_OUT: r4 r9 reg: 'r0': 0, 'r1': 0, 'r2': 0, 'r3': 0, 'r4': 108, 'r5': 0, 'r6': 0, 'r7': 0, 'r8': 0, 'r9': 0, 'r10': 0, 'r11': 0, 'r12': 108, 'r13': 9, 'r14': 108, 'r15': 4094 	  ('9'@Opcode.MV:Register.r4 Register.r9)
  DEBUG emulator:simulation TICK: 154 PC:  10  MEM_OUT: r9 0 reg: 'r0': 0, 'r1': 0, 'r2': 0, 'r3': 0, 'r4': 108, 'r5': 0, 'r6': 0, 'r7': 0, 'r8': 0, 'r9': 108, 'r10': 0, 'r11': 0, 'r12': 108, 'r13': 10, 'r14': Register.r4, 'r15': 4094 	  ('10'@Opcode.PRINT:Register.r9 0)
  DEBUG emulator:simulation TICK: 158 PC:  11  MEM_OUT: r9 0 reg: 'r0': 0, 'r1': 0, 'r2': 0, 'r3': 0, 'r4': 108, 'r5': 0, 'r6': 0, 'r7': 0, 'r8': 0, 'r9': 108, 'r10': 0, 'r11': 0, 'r12': 108, 'r13': 11, 'r14': Register.r9, 'r15': 4094 	  ('11'@Opcode.READ:Register.r9 0)
  DEBUG emulator:simulation TICK: 161 PC:  12  MEM_OUT: r9 0 reg: 'r0': 0, 'r1': 0, 'r2': 0, 'r3': 0, 'r4': 108, 'r5': 0, 'r6': 0, 'r7': 0, 'r8': 0, 'r9': 111, 'r10': 0, 'r11': 0, 'r12': 108, 'r13': 12, 'r14': Register.r9, 'r15': 4094 	  ('12'@Opcode.ST_STACK:Register.r9 0)
  DEBUG emulator:simulation TICK: 166 PC:  13  MEM_OUT: 4 0 reg: 'r0': 0, 'r1': 0, 'r2': 0, 'r3': 0, 'r4': 108, 'r5': 0, 'r6': 0, 'r7': 0, 'r8': 0, 'r9': 111, 'r10': 0, 'r11': 0, 'r12': 108, 'r13': 13, 'r14': 111, 'r15': 4094 	  ('13'@Opcode.JUMP:4 0)
  DEBUG emulator:simulation TICK: 168 PC:   4  MEM_OUT: r12 0 reg: 'r0': 0, 'r1': 0, 'r2': 0, 'r3': 0, 'r4': 108, 'r5': 0, 'r6': 0, 'r7': 0, 'r8': 0, 'r9': 111, 'r10': 0, 'r11': 0, 'r12': 108, 'r13': 4, 'r14': 4, 'r15': 4094 	  ('4'@Opcode.LD_STACK:Register.r12 0)
  DEBUG emulator:simulation TICK: 173 PC:   5  MEM_OUT: r9 0 reg: 'r0': 0, 'r1': 0, 'r2': 0, 'r3': 0, 'r4': 108, 'r5': 0, 'r6': 0, 'r7': 0, 'r8': 0, 'r9': 111, 'r10': 0, 'r11': 0, 'r12': 111, 'r13': 5, 'r14': 111, 'r15': 4094 	  ('5'@Opcode.LD_LIT:Register.r9 0)
  DEBUG emulator:simulation TICK: 176 PC:   6  MEM_OUT: r12 r9 reg: 'r0': 0, 'r1': 0, 'r2': 0, 'r3': 0, 'r4': 108, 'r5': 0, 'r6': 0, 'r7': 0, 'r8': 0, 'r9': 0, 'r10': 0, 'r11': 0, 'r12': 111, 'r13': 6, 'r14': Register.r9, 'r15': 4094 	  ('6'@Opcode.CMP:Register.r12 Register.r9)
  DEBUG emulator:simulation TICK: 181 PC:   7  MEM_OUT: 14 0 reg: 'r0': 0, 'r1': 0, 'r2': 0, 'r3': 0, 'r4': 108, 'r5': 0, 'r6': 0, 'r7': 0, 'r8': 0, 'r9': 0, 'r10': 0, 'r11': 0, 'r12': 111, 'r13': 7, 'r14': Register.r12, 'r15': 4094 	  ('7'@Opcode.JE:14 0)
  DEBUG emulator:simulation TICK: 183 PC:   8  MEM_OUT: r4 0 reg: 'r0': 0, 'r1': 0, 'r2': 0, 'r3': 0, 'r4': 108, 'r5': 0, 'r6': 0, 'r7': 0, 'r8': 0, 'r9': 0, 'r10': 0, 'r11': 0, 'r12': 111, 'r13': 8, 'r14': 14, 'r15': 4094 	  ('8'@Opcode.LD_STACK:Register.r4 0)
  DEBUG emulator:simulation TICK: 188 PC:   9  MEM_OUT: r4 r9 reg: 'r0': 0, 'r1': 0, 'r2': 0, 'r3': 0, 'r4': 111, 'r5': 0, 'r6': 0, 'r7': 0, 'r8': 0, 'r9': 0, 'r10': 0, 'r11': 0, 'r12': 111, 'r13': 9, 'r14': 111, 'r15': 4094 	  ('9'@Opcode.MV:Register.r4 Register.r9)
  DEBUG emulator:simulation TICK: 192 PC:  10  MEM_OUT: r9 0 reg: 'r0': 0, 'r1': 0, 'r2': 0, 'r3': 0, 'r4': 111, 'r5': 0, 'r6': 0, 'r7': 0, 'r8': 0, 'r9': 111, 'r10': 0, 'r11': 0, 'r12': 111, 'r13': 10, 'r14': Register.r4, 'r15': 4094 	  ('10'@Opcode.PRINT:Register.r9 0)
  DEBUG emulator:simulation TICK: 196 PC:  11  MEM_OUT: r9 0 reg: 'r0': 0, 'r1': 0, 'r2': 0, 'r3': 0, 'r4': 111, 'r5': 0, 'r6': 0, 'r7': 0, 'r8': 0, 'r9': 111, 'r10': 0, 'r11': 0, 'r12': 111, 'r13': 11, 'r14': Register.r9, 'r15': 4094 	  ('11'@Opcode.READ:Register.r9 0)
  DEBUG emulator:simulation TICK: 199 PC:  12  MEM_OUT: r9 0 reg: 'r0': 0, 'r1': 0, 'r2': 0, 'r3': 0, 'r4': 111, 'r5': 0, 'r6': 0, 'r7': 0, 'r8': 0, 'r9': 44, 'r10': 0, 'r11': 0, 'r12': 111, 'r13': 12, 'r14': Register.r9, 'r15': 4094 	  ('12'@Opcode.ST_STACK:Register.r9 0)
  DEBUG emulator:simulation TICK: 204 PC:  13  MEM_OUT: 4 0 reg: 'r0': 0, 'r1': 0, 'r2': 0, 'r3': 0, 'r4': 111, 'r5': 0, 'r6': 0, 'r7': 0, 'r8': 0, 'r9': 44, 'r10': 0, 'r11': 0, 'r12': 111, 'r13': 13, 'r14': 44, 'r15': 4094 	  ('13'@Opcode.JUMP:4 0)
  DEBUG emulator:simulation TICK: 206 PC:   4  MEM_OUT: r12 0 reg: 'r0': 0, 'r1': 0, 'r2': 0, 'r3': 0, 'r4': 111, 'r5': 0, 'r6': 0, 'r7': 0, 'r8': 0, 'r9': 44, 'r10': 0, 'r11': 0, 'r12': 111, 'r13': 4, 'r14': 4, 'r15': 4094 	  ('4'@Opcode.LD_STACK:Register.r12 0)
  DEBUG emulator:simulation TICK: 211 PC:   5  MEM_OUT: r9 0 reg: 'r0': 0, 'r1': 0, 'r2': 0, 'r3': 0, 'r4': 111, 'r5': 0, 'r6': 0, 'r7': 0, 'r8': 0, 'r9': 44, 'r10': 0, 'r11': 0, 'r12': 44, 'r13': 5, 'r14': 44, 'r15': 4094 	  ('5'@Opcode.LD_LIT:Register.r9 0)
  DEBUG emulator:simulation TICK: 214 PC:   6  MEM_OUT: r12 r9 reg: 'r0': 0, 'r1': 0, 'r2': 0, 'r3': 0, 'r4': 111, 'r5': 0, 'r6': 0, 'r7': 0, 'r8': 0, 'r9': 0, 'r10': 0, 'r11': 0, 'r12': 44, 'r13': 6, 'r14': Register.r9, 'r15': 4094 	  ('6'@Opcode.CMP:Register.r12 Register.r9)
  DEBUG emulator:simulation TICK: 219 PC:   7  MEM_OUT: 14 0 reg: 'r0': 0, 'r1': 0, 'r2': 0, 'r3': 0, 'r4': 111, 'r5': 0, 'r6': 0, 'r7': 0, 'r8': 0, 'r9': 0, 'r10': 0, 'r11': 0, 'r12': 44, 'r13': 7, 'r14': Register.r12, 'r15': 4094 	  ('7'@Opcode.JE:14 0)
  DEBUG emulator:simulation TICK: 221 PC:   8  MEM_OUT: r4 0 reg: 'r0': 0, 'r1': 0, 'r2': 0, 'r3': 0, 'r4': 111, 'r5': 0, 'r6': 0, 'r7': 0, 'r8': 0, 'r9': 0, 'r10': 0, 'r11': 0, 'r12': 44, 'r13': 8, 'r14': 14, 'r15': 4094 	  ('8'@Opcode.LD_STACK:Register.r4 0)
  DEBUG emulator:simulation TICK: 226 PC:   9  MEM_OUT: r4 r9 reg: 'r0': 0, 'r1': 0, 'r2': 0, 'r3': 0, 'r4': 44, 'r5': 0, 'r6': 0, 'r7': 0, 'r8': 0, 'r9': 0, 'r10': 0, 'r11': 0, 'r12': 44, 'r13': 9, 'r14': 44, 'r15': 4094 	  ('9'@Opcode.MV:Register.r4 Register.r9)
  DEBUG emulator:simulation TICK: 230 PC:  10  MEM_OUT: r9 0 reg: 'r0': 0, 'r1': 0, 'r2': 0, 'r3': 0, 'r4': 44, 'r5': 0, 'r6': 0, 'r7': 0, 'r8': 0, 'r9': 44, 'r10': 0, 'r11': 0, 'r12': 44, 'r13': 10, 'r14': Register.r4, 'r15': 4094 	  ('10'@Opcode.PRINT:Register.r9 0)
  DEBUG emulator:simulation TICK: 234 PC:  11  MEM_OUT: r9 0 reg: 'r0': 0, 'r1': 0, 'r2': 0, 'r3': 0, 'r4': 44, 'r5': 0, 'r6': 0, 'r7': 0, 'r8': 0, 'r9': 44, 'r10': 0, 'r11': 0, 'r12': 44, 'r13': 11, 'r14': Register.r9, 'r15': 4094 	  ('11'@Opcode.READ:Register.r9 0)
  DEBUG emulator:simulation TICK: 237 PC:  12  MEM_OUT: r9 0 reg: 'r0': 0, 'r1': 0, 'r2': 0, 'r3': 0, 'r4': 44, 'r5': 0, 'r6': 0, 'r7': 0, 'r8': 0, 'r9': 32, 'r10': 0, 'r11': 0, 'r12': 44, 'r13': 12, 'r14': Register.r9, 'r15': 4094 	  ('12'@Opcode.ST_STACK:Register.r9 0)
  DEBUG emulator:simulation TICK: 242 PC:  13  MEM_OUT: 4 0 reg: 'r0': 0, 'r1': 0, 'r2': 0, 'r3': 0, 'r4': 44, 'r5': 0, 'r6': 0, 'r7': 0, 'r8': 0, 'r9': 32, 'r10': 0, 'r11': 0, 'r12': 44, 'r13': 13, 'r14': 32, 'r15': 4094 	  ('13'@Opcode.JUMP:4 0)
  DEBUG emulator:simulation TICK: 244 PC:   4  MEM_OUT: r12 0 reg: 'r0': 0, 'r1': 0, 'r2': 0, 'r3': 0, 'r4': 44, 'r5': 0, 'r6': 0, 'r7': 0, 'r8': 0, 'r9': 32, 'r10': 0, 'r11': 0, 'r12': 44, 'r13': 4, 'r14': 4, 'r15': 4094 	  ('4'@Opcode.LD_STACK:Register.r12 0)
  DEBUG emulator:simulation TICK: 249 PC:   5  MEM_OUT: r9 0 reg: 'r0': 0, 'r1': 0, 'r2': 0, 'r3': 0, 'r4': 44, 'r5': 0, 'r6': 0, 'r7': 0, 'r8': 0, 'r9': 32, 'r10': 0, 'r11': 0, 'r12': 32, 'r13': 5, 'r14': 32, 'r15': 4094 	  ('5'@Opcode.LD_LIT:Register.r9 0)
  DEBUG emulator:simulation TICK: 252 PC:   6  MEM_OUT: r12 r9 reg: 'r0': 0, 'r1': 0, 'r2': 0, 'r3': 0, 'r4': 44, 'r5': 0, 'r6': 0, 'r7': 0, 'r8': 0, 'r9': 0, 'r10': 0, 'r11': 0, 'r12': 32, 'r13': 6, 'r14': Register.r9, 'r15': 4094 	  ('6'@Opcode.CMP:Register.r12 Register.r9)
  DEBUG emulator:simulation TICK: 257 PC:   7  MEM_OUT: 14 0 reg: 'r0': 0, 'r1': 0, 'r2': 0, 'r3': 0, 'r4': 44, 'r5': 0, 'r6': 0, 'r7': 0, 'r8': 0, 'r9': 0, 'r10': 0, 'r11': 0, 'r12': 32, 'r13': 7, 'r14': Register.r12, 'r15': 4094 	  ('7'@Opcode.JE:14 0)
  DEBUG emulator:simulation TICK: 259 PC:   8  MEM_OUT: r4 0 reg: 'r0': 0, 'r1': 0, 'r2': 0, 'r3': 0, 'r4': 44, 'r5': 0, 'r6': 0, 'r7': 0, 'r8': 0, 'r9': 0, 'r10': 0, 'r11': 0, 'r12': 32, 'r13': 8, 'r14': 14, 'r15': 4094 	  ('8'@Opcode.LD_STACK:Register.r4 0)
  DEBUG emulator:simulation TICK: 264 PC:   9  MEM_OUT: r4 r9 reg: 'r0': 0, 'r1': 0, 'r2': 0, 'r3': 0, 'r4': 32, 'r5': 0, 'r6': 0, 'r7': 0, 'r8': 0, 'r9': 0, 'r10': 0, 'r11': 0, 'r12': 32, 'r13': 9, 'r14': 32, 'r15': 4094 	  ('9'@Opcode.MV:Register.r4 Register.r9)
  DEBUG emulator:simulation TICK: 268 PC:  10  MEM_OUT: r9 0 reg: 'r0': 0, 'r1': 0, 'r2': 0, 'r3': 0, 'r4': 32, 'r5': 0, 'r6': 0, 'r7': 0, 'r8': 0, 'r9': 32, 'r10': 0, 'r11': 0, 'r12': 32, 'r13': 10, 'r14': Register.r4, 'r15': 4094 	  ('10'@Opcode.PRINT:Register.r9 0)
  DEBUG emulator:simulation TICK: 272 PC:  11  MEM_OUT: r9 0 reg: 'r0': 0, 'r1': 0, 'r2': 0, 'r3': 0, 'r4': 32, 'r5': 0, 'r6': 0, 'r7': 0, 'r8': 0, 'r9': 32, 'r10': 0, 'r11': 0, 'r12': 32, 'r13': 11, 'r14': Register.r9, 'r15': 4094 	  ('11'@Opcode.READ:Register.r9 0)
  DEBUG emulator:simulation TICK: 275 PC:  12  MEM_OUT: r9 0 reg: 'r0': 0, 'r1': 0, 'r2': 0, 'r3': 0, 'r4': 32, 'r5': 0, 'r6': 0, 'r7': 0, 'r8': 0, 'r9': 87, 'r10': 0, 'r11': 0, 'r12': 32, 'r13': 12, 'r14': Register.r9, 'r15': 4094 	  ('12'@Opcode.ST_STACK:Register.r9 0)
  DEBUG emulator:simulation TICK: 280 PC:  13  MEM_OUT: 4 0 reg: 'r0': 0, 'r1': 0, 'r2': 0, 'r3': 0, 'r4': 32, 'r5': 0, 'r6': 0, 'r7': 0, 'r8': 0, 'r9': 87, 'r10': 0, 'r11': 0, 'r12': 32, 'r13': 13, 'r14': 87, 'r15': 4094 	  ('13'@Opcode.JUMP:4 0)
  DEBUG emulator:simulation TICK: 282 PC:   4  MEM_OUT: r12 0 reg: 'r0': 0, 'r1': 0, 'r2': 0, 'r3': 0, 'r4': 32, 'r5': 0, 'r6': 0, 'r7': 0, 'r8': 0, 'r9': 87, 'r10': 0, 'r11': 0, 'r12': 32, 'r13': 4, 'r14': 4, 'r15': 4094 	  ('4'@Opcode.LD_STACK:Register.r12 0)
  DEBUG emulator:simulation TICK: 287 PC:   5  MEM_OUT: r9 0 reg: 'r0': 0, 'r1': 0, 'r2': 0, 'r3': 0, 'r4': 32, 'r5': 0, 'r6': 0, 'r7': 0, 'r8': 0, 'r9': 87, 'r10': 0, 'r11': 0, 'r12': 87, 'r13': 5, 'r14': 87, 'r15': 4094 	  ('5'@Opcode.LD_LIT:Register.r9 0)
  DEBUG emulator:simulation TICK: 290 PC:   6  MEM_OUT: r12 r9 reg: 'r0': 0, 'r1': 0, 'r2': 0, 'r3': 0, 'r4': 32, 'r5': 0, 'r6': 0, 'r7': 0, 'r8': 0, 'r9': 0, 'r10': 0, 'r11': 0, 'r12': 87, 'r13': 6, 'r14': Register.r9, 'r15': 4094 	  ('6'@Opcode.CMP:Register.r12 Register.r9)
  DEBUG emulator:simulation TICK: 295 PC:   7  MEM_OUT: 14 0 reg: 'r0': 0, 'r1': 0, 'r2': 0, 'r3': 0, 'r4': 32, 'r5': 0, 'r6': 0, 'r7': 0, 'r8': 0, 'r9': 0, 'r10': 0, 'r11': 0, 'r12': 87, 'r13': 7, 'r14': Register.r12, 'r15': 4094 	  ('7'@Opcode.JE:14 0)
  DEBUG emulator:simulation TICK: 297 PC:   8  MEM_OUT: r4 0 reg: 'r0': 0, 'r1': 0, 'r2': 0, 'r3': 0, 'r4': 32, 'r5': 0, 'r6': 0, 'r7': 0, 'r8': 0, 'r9': 0, 'r10': 0, 'r11': 0, 'r12': 87, 'r13': 8, 'r14': 14, 'r15': 4094 	  ('8'@Opcode.LD_STACK:Register.r4 0)
  DEBUG emulator:simulation TICK: 302 PC:   9  MEM_OUT: r4 r9 reg: 'r0': 0, 'r1': 0, 'r2': 0, 'r3': 0, 'r4': 87, 'r5': 0, 'r6': 0, 'r7': 0, 'r8': 0, 'r9': 0, 'r10': 0, 'r11': 0, 'r12': 87, 'r13': 9, 'r14': 87, 'r15': 4094 	  ('9'@Opcode.MV:Register.r4 Register.r9)
  DEBUG emulator:simulation TICK: 306 PC:  10  MEM_OUT: r9 0 reg: 'r0': 0, 'r1': 0, 'r2': 0, 'r3': 0, 'r4': 87, 'r5': 0, 'r6': 0, 'r7': 0, 'r8': 0, 'r9': 87, 'r10': 0, 'r11': 0, 'r12': 87, 'r13': 10, 'r14': Register.r4, 'r15': 4094 	  ('10'@Opcode.PRINT:Register.r9 0)
  DEBUG emulator:simulation TICK: 310 PC:  11  MEM_OUT: r9 0 reg: 'r0': 0, 'r1': 0, 'r2': 0, 'r3': 0, 'r4': 87, 'r5': 0, 'r6': 0, 'r7': 0, 'r8': 0, 'r9': 87, 'r10': 0, 'r11': 0, 'r12': 87, 'r13': 11, 'r14': Register.r9, 'r15': 4094 	  ('11'@Opcode.READ:Register.r9 0)
  DEBUG emulator:simulation TICK: 313 PC:  12  MEM_OUT: r9 0 reg: 'r0': 0, 'r1': 0, 'r2': 0, 'r3': 0, 'r4': 87, 'r5': 0, 'r6': 0, 'r7': 0, 'r8': 0, 'r9': 111, 'r10': 0, 'r11': 0, 'r12': 87, 'r13': 12, 'r14': Register.r9, 'r15': 4094 	  ('12'@Opcode.ST_STACK:Register.r9 0)
  DEBUG emulator:simulation TICK: 318 PC:  13  MEM_OUT: 4 0 reg: 'r0': 0, 'r1': 0, 'r2': 0, 'r3': 0, 'r4': 87, 'r5': 0, 'r6': 0, 'r7': 0, 'r8': 0, 'r9': 111, 'r10': 0, 'r11': 0, 'r12': 87, 'r13': 13, 'r14': 111, 'r15': 4094 	  ('13'@Opcode.JUMP:4 0)
  DEBUG emulator:simulation TICK: 320 PC:   4  MEM_OUT: r12 0 reg: 'r0': 0, 'r1': 0, 'r2': 0, 'r3': 0, 'r4': 87, 'r5': 0, 'r6': 0, 'r7': 0, 'r8': 0, 'r9': 111, 'r10': 0, 'r11': 0, 'r12': 87, 'r13': 4, 'r14': 4, 'r15': 4094 	  ('4'@Opcode.LD_STACK:Register.r12 0)
  DEBUG emulator:simulation TICK: 325 PC:   5  MEM_OUT: r9 0 reg: 'r0': 0, 'r1': 0, 'r2': 0, 'r3': 0, 'r4': 87, 'r5': 0, 'r6': 0, 'r7': 0, 'r8': 0, 'r9': 111, 'r10': 0, 'r11': 0, 'r12': 111, 'r13': 5, 'r14': 111, 'r15': 4094 	  ('5'@Opcode.LD_LIT:Register.r9 0)
  DEBUG emulator:simulation TICK: 328 PC:   6  MEM_OUT: r12 r9 reg: 'r0': 0, 'r1': 0, 'r2': 0, 'r3': 0, 'r4': 87, 'r5': 0, 'r6': 0, 'r7': 0, 'r8': 0, 'r9': 0, 'r10': 0, 'r11': 0, 'r12': 111, 'r13': 6, 'r14': Register.r9, 'r15': 4094 	  ('6'@Opcode.CMP:Register.r12 Register.r9)
  DEBUG emulator:simulation TICK: 333 PC:   7  MEM_OUT: 14 0 reg: 'r0': 0, 'r1': 0, 'r2': 0, 'r3': 0, 'r4': 87, 'r5': 0, 'r6': 0, 'r7': 0, 'r8': 0, 'r9': 0, 'r10': 0, 'r11': 0, 'r12': 111, 'r13': 7, 'r14': Register.r12, 'r15': 4094 	  ('7'@Opcode.JE:14 0)
  DEBUG emulator:simulation TICK: 335 PC:   8  MEM_OUT: r4 0 reg: 'r0': 0, 'r1': 0, 'r2': 0, 'r3': 0, 'r4': 87, 'r5': 0, 'r6': 0, 'r7': 0, 'r8': 0, 'r9': 0, 'r10': 0, 'r11': 0, 'r12': 111, 'r13': 8, 'r14': 14, 'r15': 4094 	  ('8'@Opcode.LD_STACK:Register.r4 0)
  DEBUG emulator:simulation TICK: 340 PC:   9  MEM_OUT: r4 r9 reg: 'r0': 0, 'r1': 0, 'r2': 0, 'r3': 0, 'r4': 111, 'r5': 0, 'r6': 0, 'r7': 0, 'r8': 0, 'r9': 0, 'r10': 0, 'r11': 0, 'r12': 111, 'r13': 9, 'r14': 111, 'r15': 4094 	  ('9'@Opcode.MV:Register.r4 Register.r9)
  DEBUG emulator:simulation TICK: 344 PC:  10  MEM_OUT: r9 0 reg: 'r0': 0, 'r1': 0, 'r2': 0, 'r3': 0, 'r4': 111, 'r5': 0, 'r6': 0, 'r7': 0, 'r8': 0, 'r9': 111, 'r10': 0, 'r11': 0, 'r12': 111, 'r13': 10, 'r14': Register.r4, 'r15': 4094 	  ('10'@Opcode.PRINT:Register.r9 0)
  DEBUG emulator:simulation TICK: 348 PC:  11  MEM_OUT: r9 0 reg: 'r0': 0, 'r1': 0, 'r2': 0, 'r3': 0, 'r4': 111, 'r5': 0, 'r6': 0, 'r7': 0, 'r8': 0, 'r9': 111, 'r10': 0, 'r11': 0, 'r12': 111, 'r13': 11, 'r14': Register.r9, 'r15': 4094 	  ('11'@Opcode.READ:Register.r9 0)
  DEBUG emulator:simulation TICK: 351 PC:  12  MEM_OUT: r9 0 reg: 'r0': 0, 'r1': 0, 'r2': 0, 'r3': 0, 'r4': 111, 'r5': 0, 'r6': 0, 'r7': 0, 'r8': 0, 'r9': 114, 'r10': 0, 'r11': 0, 'r12': 111, 'r13': 12, 'r14': Register.r9, 'r15': 4094 	  ('12'@Opcode.ST_STACK:Register.r9 0)
  DEBUG emulator:simulation TICK: 356 PC:  13  MEM_OUT: 4 0 reg: 'r0': 0, 'r1': 0, 'r2': 0, 'r3': 0, 'r4': 111, 'r5': 0, 'r6': 0, 'r7': 0, 'r8': 0, 'r9': 114, 'r10': 0, 'r11': 0, 'r12': 111, 'r13': 13, 'r14': 114, 'r15': 4094 	  ('13'@Opcode.JUMP:4 0)
  DEBUG emulator:simulation TICK: 358 PC:   4  MEM_OUT: r12 0 reg: 'r0': 0, 'r1': 0, 'r2': 0, 'r3': 0, 'r4': 111, 'r5': 0, 'r6': 0, 'r7': 0, 'r8': 0, 'r9': 114, 'r10': 0, 'r11': 0, 'r12': 111, 'r13': 4, 'r14': 4, 'r15': 4094 	  ('4'@Opcode.LD_STACK:Register.r12 0)
  DEBUG emulator:simulation TICK: 363 PC:   5  MEM_OUT: r9 0 reg: 'r0': 0, 'r1': 0, 'r2': 0, 'r3': 0, 'r4': 111, 'r5': 0, 'r6': 0, 'r7': 0, 'r8': 0, 'r9': 114, 'r10': 0, 'r11': 0, 'r12': 114, 'r13': 5, 'r14': 114, 'r15': 4094 	  ('5'@Opcode.LD_LIT:Register.r9 0)
  DEBUG emulator:simulation TICK: 366 PC:   6  MEM_OUT: r12 r9 reg: 'r0': 0, 'r1': 0, 'r2': 0, 'r3': 0, 'r4': 111, 'r5': 0, 'r6': 0, 'r7': 0, 'r8': 0, 'r9': 0, 'r10': 0, 'r11': 0, 'r12': 114, 'r13': 6, 'r14': Register.r9, 'r15': 4094 	  ('6'@Opcode.CMP:Register.r12 Register.r9)
  DEBUG emulator:simulation TICK: 371 PC:   7  MEM_OUT: 14 0 reg: 'r0': 0, 'r1': 0, 'r2': 0, 'r3': 0, 'r4': 111, 'r5': 0, 'r6': 0, 'r7': 0, 'r8': 0, 'r9': 0, 'r10': 0, 'r11': 0, 'r12': 114, 'r13': 7, 'r14': Register.r12, 'r15': 4094 	  ('7'@Opcode.JE:14 0)
  DEBUG emulator:simulation TICK: 373 PC:   8  MEM_OUT: r4 0 reg: 'r0': 0, 'r1': 0, 'r2': 0, 'r3': 0, 'r4': 111, 'r5': 0, 'r6': 0, 'r7': 0, 'r8': 0, 'r9': 0, 'r10': 0, 'r11': 0, 'r12': 114, 'r13': 8, 'r14': 14, 'r15': 4094 	  ('8'@Opcode.LD_STACK:Register.r4 0)
  DEBUG emulator:simulation TICK: 378 PC:   9  MEM_OUT: r4 r9 reg: 'r0': 0, 'r1': 0, 'r2': 0, 'r3': 0, 'r4': 114, 'r5': 0, 'r6': 0, 'r7': 0, 'r8': 0, 'r9': 0, 'r10': 0, 'r11': 0, 'r12': 114, 'r13': 9, 'r14': 114, 'r15': 4094 	  ('9'@Opcode.MV:Register.r4 Register.r9)
  DEBUG emulator:simulation TICK: 382 PC:  10  MEM_OUT: r9 0 reg: 'r0': 0, 'r1': 0, 'r2': 0, 'r3': 0, 'r4': 114, 'r5': 0, 'r6': 0, 'r7': 0, 'r8': 0, 'r9': 114, 'r10': 0, 'r11': 0, 'r12': 114, 'r13': 10, 'r14': Register.r4, 'r15': 4094 	  ('10'@Opcode.PRINT:Register.r9 0)
  DEBUG emulator:simulation TICK: 386 PC:  11  MEM_OUT: r9 0 reg: 'r0': 0, 'r1': 0, 'r2': 0, 'r3': 0, 'r4': 114, 'r5': 0, 'r6': 0, 'r7': 0, 'r8': 0, 'r9': 114, 'r10': 0, 'r11': 0, 'r12': 114, 'r13': 11, 'r14': Register.r9, 'r15': 4094 	  ('11'@Opcode.READ:Register.r9 0)
  DEBUG emulator:simulation TICK: 389 PC:  12  MEM_OUT: r9 0 reg: 'r0': 0, 'r1': 0, 'r2': 0, 'r3': 0, 'r4': 114, 'r5': 0, 'r6': 0, 'r7': 0, 'r8': 0, 'r9': 108, 'r10': 0, 'r11': 0, 'r12': 114, 'r13': 12, 'r14': Register.r9, 'r15': 4094 	  ('12'@Opcode.ST_STACK:Register.r9 0)
  DEBUG emulator:simulation TICK: 394 PC:  13  MEM_OUT: 4 0 reg: 'r0': 0, 'r1': 0, 'r2': 0, 'r3': 0, 'r4': 114, 'r5': 0, 'r6': 0, 'r7': 0, 'r8': 0, 'r9': 108, 'r10': 0, 'r11': 0, 'r12': 114, 'r13': 13, 'r14': 108, 'r15': 4094 	  ('13'@Opcode.JUMP:4 0)
  DEBUG emulator:simulation TICK: 396 PC:   4  MEM_OUT: r12 0 reg: 'r0': 0, 'r1': 0, 'r2': 0, 'r3': 0, 'r4': 114, 'r5': 0, 'r6': 0, 'r7': 0, 'r8': 0, 'r9': 108, 'r10': 0, 'r11': 0, 'r12': 114, 'r13': 4, 'r14': 4, 'r15': 4094 	  ('4'@Opcode.LD_STACK:Register.r12 0)
  DEBUG emulator:simulation TICK: 401 PC:   5  MEM_OUT: r9 0 reg: 'r0': 0, 'r1': 0, 'r2': 0, 'r3': 0, 'r4': 114, 'r5': 0, 'r6': 0, 'r7': 0, 'r8': 0, 'r9': 108, 'r10': 0, 'r11': 0, 'r12': 108, 'r13': 5, 'r14': 108, 'r15': 4094 	  ('5'@Opcode.LD_LIT:Register.r9 0)
  DEBUG emulator:simulation TICK: 404 PC:   6  MEM_OUT: r12 r9 reg: 'r0': 0, 'r1': 0, 'r2': 0, 'r3': 0, 'r4': 114, 'r5': 0, 'r6': 0, 'r7': 0, 'r8': 0, 'r9': 0, 'r10': 0, 'r11': 0, 'r12': 108, 'r13': 6, 'r14': Register.r9, 'r15': 4094 	  ('6'@Opcode.CMP:Register.r12 Register.r9)
  DEBUG emulator:simulation TICK: 409 PC:   7  MEM_OUT: 14 0 reg: 'r0': 0, 'r1': 0, 'r2': 0, 'r3': 0, 'r4': 114, 'r5': 0, 'r6': 0, 'r7': 0, 'r8': 0, 'r9': 0, 'r10': 0, 'r11': 0, 'r12': 108, 'r13': 7, 'r14': Register.r12, 'r15': 4094 	  ('7'@Opcode.JE:14 0)
  DEBUG emulator:simulation TICK: 411 PC:   8  MEM_OUT: r4 0 reg: 'r0': 0, 'r1': 0, 'r2': 0, 'r3': 0, 'r4': 114, 'r5': 0, 'r6': 0, 'r7': 0, 'r8': 0, 'r9': 0, 'r10': 0, 'r11': 0, 'r12': 108, 'r13': 8, 'r14': 14, 'r15': 4094 	  ('8'@Opcode.LD_STACK:Register.r4 0)
  DEBUG emulator:simulation TICK: 416 PC:   9  MEM_OUT: r4 r9 reg: 'r0': 0, 'r1': 0, 'r2': 0, 'r3': 0, 'r4': 108, 'r5': 0, 'r6': 0, 'r7': 0, 'r8': 0, 'r9': 0, 'r10': 0, 'r11': 0, 'r12': 108, 'r13': 9, 'r14': 108, 'r15': 4094 	  ('9'@Opcode.MV:Register.r4 Register.r9)
  DEBUG emulator:simulation TICK: 420 PC:  10  MEM_OUT: r9 0 reg: 'r0': 0, 'r1': 0, 'r2': 0, 'r3': 0, 'r4': 108, 'r5': 0, 'r6': 0, 'r7': 0, 'r8': 0, 'r9': 108, 'r10': 0, 'r11': 0, 'r12': 108, 'r13': 10, 'r14': Register.r4, 'r15': 4094 	  ('10'@Opcode.PRINT:Register.r9 0)
  DEBUG emulator:simulation TICK: 424 PC:  11  MEM_OUT: r9 0 reg: 'r0': 0, 'r1': 0, 'r2': 0, 'r3': 0, 'r4': 108, 'r5': 0, 'r6': 0, 'r7': 0, 'r8': 0, 'r9': 108, 'r10': 0, 'r11': 0, 'r12': 108, 'r13': 11, 'r14': Register.r9, 'r15': 4094 	  ('11'@Opcode.READ:Register.r9 0)
  DEBUG emulator:simulation TICK: 427 PC:  12  MEM_OUT: r9 0 reg: 'r0': 0, 'r1': 0, 'r2': 0, 'r3': 0, 'r4': 108, 'r5': 0, 'r6': 0, 'r7': 0, 'r8': 0, 'r9': 100, 'r10': 0, 'r11': 0, 'r12': 108, 'r13': 12, 'r14': Register.r9, 'r15': 4094 	  ('12'@Opcode.ST_STACK:Register.r9 0)
  DEBUG emulator:simulation TICK: 432 PC:  13  MEM_OUT: 4 0 reg: 'r0': 0, 'r1': 0, 'r2': 0, 'r3': 0, 'r4': 108, 'r5': 0, 'r6': 0, 'r7': 0, 'r8': 0, 'r9': 100, 'r10': 0, 'r11': 0, 'r12': 108, 'r13': 13, 'r14': 100, 'r15': 4094 	  ('13'@Opcode.JUMP:4 0)
  DEBUG emulator:simulation TICK: 434 PC:   4  MEM_OUT: r12 0 reg: 'r0': 0, 'r1': 0, 'r2': 0, 'r3': 0, 'r4': 108, 'r5': 0, 'r6': 0, 'r7': 0, 'r8': 0, 'r9': 100, 'r10': 0, 'r11': 0, 'r12': 108, 'r13': 4, 'r14': 4, 'r15': 4094 	  ('4'@Opcode.LD_STACK:Register.r12 0)
  DEBUG emulator:simulation TICK: 439 PC:   5  MEM_OUT: r9 0 reg: 'r0': 0, 'r1': 0, 'r2': 0, 'r3': 0, 'r4': 108, 'r5': 0, 'r6': 0, 'r7': 0, 'r8': 0, 'r9': 100, 'r10': 0, 'r11': 0, 'r12': 100, 'r13': 5, 'r14': 100, 'r15': 4094 	  ('5'@Opcode.LD_LIT:Register.r9 0)
  DEBUG emulator:simulation TICK: 442 PC:   6  MEM_OUT: r12 r9 reg: 'r0': 0, 'r1': 0, 'r2': 0, 'r3': 0, 'r4': 108, 'r5': 0, 'r6': 0, 'r7': 0, 'r8': 0, 'r9': 0, 'r10': 0, 'r11': 0, 'r12': 100, 'r13': 6, 'r14': Register.r9, 'r15': 4094 	  ('6'@Opcode.CMP:Register.r12 Register.r9)
  DEBUG emulator:simulation TICK: 447 PC:   7  MEM_OUT: 14 0 reg: 'r0': 0, 'r1': 0, 'r2': 0, 'r3': 0, 'r4': 108, 'r5': 0, 'r6': 0, 'r7': 0, 'r8': 0, 'r9': 0, 'r10': 0, 'r11': 0, 'r12': 100, 'r13': 7, 'r14': Register.r12, 'r15': 4094 	  ('7'@Opcode.JE:14 0)
  DEBUG emulator:simulation TICK: 449 PC:   8  MEM_OUT: r4 0 reg: 'r0': 0, 'r1': 0, 'r2': 0, 'r3': 0, 'r4': 108, 'r5': 0, 'r6': 0, 'r7': 0, 'r8': 0, 'r9': 0, 'r10': 0, 'r11': 0, 'r12': 100, 'r13': 8, 'r14': 14, 'r15': 4094 	  ('8'@Opcode.LD_STACK:Register.r4 0)
  DEBUG emulator:simulation TICK: 454 PC:   9  MEM_OUT: r4 r9 reg: 'r0': 0, 'r1': 0, 'r2': 0, 'r3': 0, 'r4': 100, 'r5': 0, 'r6': 0, 'r7': 0, 'r8': 0, 'r9': 0, 'r10': 0, 'r11': 0, 'r12': 100, 'r13': 9, 'r14': 100, 'r15': 4094 	  ('9'@Opcode.MV:Register.r4 Register.r9)
  DEBUG emulator:simulation TICK: 458 PC:  10  MEM_OUT: r9 0 reg: 'r0': 0, 'r1': 0, 'r2': 0, 'r3': 0, 'r4': 100, 'r5': 0, 'r6': 0, 'r7': 0, 'r8': 0, 'r9': 100, 'r10': 0, 'r11': 0, 'r12': 100, 'r13': 10, 'r14': Register.r4, 'r15': 4094 	  ('10'@Opcode.PRINT:Register.r9 0)
  DEBUG emulator:simulation TICK: 462 PC:  11  MEM_OUT: r9 0 reg: 'r0': 0, 'r1': 0, 'r2': 0, 'r3': 0, 'r4': 100, 'r5': 0, 'r6': 0, 'r7': 0, 'r8': 0, 'r9': 100, 'r10': 0, 'r11': 0, 'r12': 100, 'r13': 11, 'r14': Register.r9, 'r15': 4094 	  ('11'@Opcode.READ:Register.r9 0)
  DEBUG emulator:simulation TICK: 465 PC:  12  MEM_OUT: r9 0 reg: 'r0': 0, 'r1': 0, 'r2': 0, 'r3': 0, 'r4': 100, 'r5': 0, 'r6': 0, 'r7': 0, 'r8': 0, 'r9': 33, 'r10': 0, 'r11': 0, 'r12': 100, 'r13': 12, 'r14': Register.r9, 'r15': 4094 	  ('12'@Opcode.ST_STACK:Register.r9 0)
  DEBUG emulator:simulation TICK: 470 PC:  13  MEM_OUT: 4 0 reg: 'r0': 0, 'r1': 0, 'r2': 0, 'r3': 0, 'r4': 100, 'r5': 0, 'r6': 0, 'r7': 0, 'r8': 0, 'r9': 33, 'r10': 0, 'r11': 0, 'r12': 100, 'r13': 13, 'r14': 33, 'r15': 4094 	  ('13'@Opcode.JUMP:4 0)
  DEBUG emulator:simulation TICK: 472 PC:   4  MEM_OUT: r12 0 reg: 'r0': 0, 'r1': 0, 'r2': 0, 'r3': 0, 'r4': 100, 'r5': 0, 'r6': 0, 'r7': 0, 'r8': 0, 'r9': 33, 'r10': 0, 'r11': 0, 'r12': 100, 'r13': 4, 'r14': 4, 'r15': 4094 	  ('4'@Opcode.LD_STACK:Register.r12 0)
  DEBUG emulator:simulation TICK: 477 PC:   5  MEM_OUT: r9 0 reg: 'r0': 0, 'r1': 0, 'r2': 0, 'r3': 0, 'r4': 100, 'r5': 0, 'r6': 0, 'r7': 0, 'r8': 0, 'r9': 33, 'r10': 0, 'r11': 0, 'r12': 33, 'r13': 5, 'r14': 33, 'r15': 4094 	  ('5'@Opcode.LD_LIT:Register.r9 0)
  DEBUG emulator:simulation TICK: 480 PC:   6  MEM_OUT: r12 r9 reg: 'r0': 0, 'r1': 0, 'r2': 0, 'r3': 0, 'r4': 100, 'r5': 0, 'r6': 0, 'r7': 0, 'r8': 0, 'r9': 0, 'r10': 0, 'r11': 0, 'r12': 33, 'r13': 6, 'r14': Register.r9, 'r15': 4094 	  ('6'@Opcode.CMP:Register.r12 Register.r9)
  DEBUG emulator:simulation TICK: 485 PC:   7  MEM_OUT: 14 0 reg: 'r0': 0, 'r1': 0, 'r2': 0, 'r3': 0, 'r4': 100, 'r5': 0, 'r6': 0, 'r7': 0, 'r8': 0, 'r9': 0, 'r10': 0, 'r11': 0, 'r12': 33, 'r13': 7, 'r14': Register.r12, 'r15': 4094 	  ('7'@Opcode.JE:14 0)
  DEBUG emulator:simulation TICK: 487 PC:   8  MEM_OUT: r4 0 reg: 'r0': 0, 'r1': 0, 'r2': 0, 'r3': 0, 'r4': 100, 'r5': 0, 'r6': 0, 'r7': 0, 'r8': 0, 'r9': 0, 'r10': 0, 'r11': 0, 'r12': 33, 'r13': 8, 'r14': 14, 'r15': 4094 	  ('8'@Opcode.LD_STACK:Register.r4 0)
  DEBUG emulator:simulation TICK: 492 PC:   9  MEM_OUT: r4 r9 reg: 'r0': 0, 'r1': 0, 'r2': 0, 'r3': 0, 'r4': 33, 'r5': 0, 'r6': 0, 'r7': 0, 'r8': 0, 'r9': 0, 'r10': 0, 'r11': 0, 'r12': 33, 'r13': 9, 'r14': 33, 'r15': 4094 	  ('9'@Opcode.MV:Register.r4 Register.r9)
  DEBUG emulator:simulation TICK: 496 PC:  10  MEM_OUT: r9 0 reg: 'r0': 0, 'r1': 0, 'r2': 0, 'r3': 0, 'r4': 33, 'r5': 0, 'r6': 0, 'r7': 0, 'r8': 0, 'r9': 33, 'r10': 0, 'r11': 0, 'r12': 33, 'r13': 10, 'r14': Register.r4, 'r15': 4094 	  ('10'@Opcode.PRINT:Register.r9 0)
  DEBUG emulator:simulation TICK: 500 PC:  11  MEM_OUT: r9 0 reg: 'r0': 0, 'r1': 0, 'r2': 0, 'r3': 0, 'r4': 33, 'r5': 0, 'r6': 0, 'r7': 0, 'r8': 0, 'r9': 33, 'r10': 0, 'r11': 0, 'r12': 33, 'r13': 11, 'r14': Register.r9, 'r15': 4094 	  ('11'@Opcode.READ:Register.r9 0)
  DEBUG emulator:simulation TICK: 503 PC:  12  MEM_OUT: r9 0 reg: 'r0': 0, 'r1': 0, 'r2': 0, 'r3': 0, 'r4': 33, 'r5': 0, 'r6': 0, 'r7': 0, 'r8': 0, 'r9': 0, 'r10': 0, 'r11': 0, 'r12': 33, 'r13': 12, 'r14': Register.r9, 'r15': 4094 	  ('12'@Opcode.ST_STACK:Register.r9 0)
  DEBUG emulator:simulation TICK: 508 PC:  13  MEM_OUT: 4 0 reg: 'r0': 0, 'r1': 0, 'r2': 0, 'r3': 0, 'r4': 33, 'r5': 0, 'r6': 0, 'r7': 0, 'r8': 0, 'r9': 0, 'r10': 0, 'r11': 0, 'r12': 33, 'r13': 13, 'r14': 0, 'r15': 4094 	  ('13'@Opcode.JUMP:4 0)
  DEBUG emulator:simulation TICK: 510 PC:   4  MEM_OUT: r12 0 reg: 'r0': 0, 'r1': 0, 'r2': 0, 'r3': 0, 'r4': 33, 'r5': 0, 'r6': 0, 'r7': 0, 'r8': 0, 'r9': 0, 'r10': 0, 'r11': 0, 'r12': 33, 'r13': 4, 'r14': 4, 'r15': 4094 	  ('4'@Opcode.LD_STACK:Register.r12 0)
  DEBUG emulator:simulation TICK: 515 PC:   5  MEM_OUT: r9 0 reg: 'r0': 0, 'r1': 0, 'r2': 0, 'r3': 0, 'r4': 33, 'r5': 0, 'r6': 0, 'r7': 0, 'r8': 0, 'r9': 0, 'r10': 0, 'r11': 0, 'r12': 0, 'r13': 5, 'r14': 0, 'r15': 4094 	  ('5'@Opcode.LD_LIT:Register.r9 0)
  DEBUG emulator:simulation TICK: 518 PC:   6  MEM_OUT: r12 r9 reg: 'r0': 0, 'r1': 0, 'r2': 0, 'r3': 0, 'r4': 33, 'r5': 0, 'r6': 0, 'r7': 0, 'r8': 0, 'r9': 0, 'r10': 0, 'r11': 0, 'r12': 0, 'r13': 6, 'r14': Register.r9, 'r15': 4094 	  ('6'@Opcode.CMP:Register.r12 Register.r9)
  DEBUG emulator:simulation TICK: 523 PC:   7  MEM_OUT: 14 0 reg: 'r0': 0, 'r1': 0, 'r2': 0, 'r3': 0, 'r4': 33, 'r5': 0, 'r6': 0, 'r7': 0, 'r8': 0, 'r9': 0, 'r10': 0, 'r11': 0, 'r12': 0, 'r13': 7, 'r14': Register.r12, 'r15': 4094 	  ('7'@Opcode.JE:14 0)
  DEBUG emulator:simulation TICK: 525 PC:  14  MEM_OUT: r15 4094 reg: 'r0': 0, 'r1': 0, 'r2': 0, 'r3': 0, 'r4': 33, 'r5': 0, 'r6': 0, 'r7': 0, 'r8': 0, 'r9': 0, 'r10': 0, 'r11': 0, 'r12': 0, 'r13': 14, 'r14': 14, 'r15': 4094 	  ('14'@Opcode.LD_LIT:Register.r15 4094)
  DEBUG emulator:simulation TICK: 528 PC:  15  MEM_OUT: 0 0 reg: 'r0': 0, 'r1': 0, 'r2': 0, 'r3': 0, 'r4': 33, 'r5': 0, 'r6': 0, 'r7': 0, 'r8': 0, 'r9': 0, 'r10': 0, 'r11': 0, 'r12': 0, 'r13': 15, 'r14': Register.r15, 'r15': 4094 	  ('15'@Opcode.HALT:0 0)
  INFO emulator:simulation output_buffer: 'Hello, World!'
out_stdout: |
  ============================================================
  Hello, World!
  instr_counter:  139 ticks: 529
out_code: |-
  [{"index": 0, "opcode": "LD_LIT", "arg1": "r3", "arg2": 0},
   {"index": 1, "opcode": "PUSH", "arg1": "r3", "arg2": 0},
   {"index": 2, "opcode": "READ", "arg1": "r9", "arg2": 0},
   {"index": 3, "opcode": "ST_STACK", "arg1": "r9", "arg2": 0},
   {"index": 4, "opcode": "LD_STACK", "arg1": "r12", "arg2": 0},
   {"index": 5, "opcode": "LD_LIT", "arg1": "r9", "arg2": 0},
   {"index": 6, "opcode": "CMP", "arg1": "r12", "arg2": "r9"},
   {"index": 7, "opcode": "JE", "arg1": 14, "arg2": 0},
   {"index": 8, "opcode": "LD_STACK", "arg1": "r4", "arg2": 0},
   {"index": 9, "opcode": "MV", "arg1": "r4", "arg2": "r9"},
   {"index": 10, "opcode": "PRINT", "arg1": "r9", "arg2": 0},
   {"index": 11, "opcode": "READ", "arg1": "r9", "arg2": 0},
   {"index": 12, "opcode": "ST_STACK", "arg1": "r9", "arg2": 0},
   {"index": 13, "opcode": "JUMP", "arg1": 4, "arg2": 0},
   {"index": 14, "opcode": "LD_LIT", "arg1": "r15", "arg2": 4094},
   {"index": 15, "opcode": "HALT", "arg1": 0, "arg2": 0},
   {"index": 16, "opcode": "JUMP", "arg1": 17, "arg2": 0}]
