in_source: |-
  let hello = "Hello, world!";
  print_str(hello);
in_stdin: |
out_log: |
  DEBUG emulator:simulation TICK:   0 PC:   0  MEM_OUT: r3 0 reg: 'r0': 0, 'r1': 0, 'r2': 0, 'r3': 0, 'r4': 0, 'r5': 0, 'r6': 0, 'r7': 0, 'r8': 0, 'r9': 0, 'r10': 0, 'r11': 0, 'r12': 0, 'r13': 0, 'r14': 0, 'r15': 4095 	  ('0'@Opcode.LD_LIT:Register.r3 0)
  DEBUG emulator:simulation TICK:   3 PC:   1  MEM_OUT: r3 0 reg: 'r0': 0, 'r1': 0, 'r2': 0, 'r3': 0, 'r4': 0, 'r5': 0, 'r6': 0, 'r7': 0, 'r8': 0, 'r9': 0, 'r10': 0, 'r11': 0, 'r12': 0, 'r13': 1, 'r14': Register.r3, 'r15': 4095 	  ('1'@Opcode.PUSH:Register.r3 0)
  DEBUG emulator:simulation TICK:   8 PC:   2  MEM_OUT: r4 17 reg: 'r0': 0, 'r1': 0, 'r2': 0, 'r3': 0, 'r4': 0, 'r5': 0, 'r6': 0, 'r7': 0, 'r8': 0, 'r9': 0, 'r10': 0, 'r11': 0, 'r12': 0, 'r13': 2, 'r14': 0, 'r15': 4094 	  ('2'@Opcode.LD_LIT:Register.r4 17)
  DEBUG emulator:simulation TICK:  11 PC:   3  MEM_OUT: r4 0 reg: 'r0': 0, 'r1': 0, 'r2': 0, 'r3': 0, 'r4': 17, 'r5': 0, 'r6': 0, 'r7': 0, 'r8': 0, 'r9': 0, 'r10': 0, 'r11': 0, 'r12': 0, 'r13': 3, 'r14': Register.r4, 'r15': 4094 	  ('3'@Opcode.ST_STACK:Register.r4 0)
  DEBUG emulator:simulation TICK:  16 PC:   4  MEM_OUT: r9 0 reg: 'r0': 0, 'r1': 0, 'r2': 0, 'r3': 0, 'r4': 17, 'r5': 0, 'r6': 0, 'r7': 0, 'r8': 0, 'r9': 0, 'r10': 0, 'r11': 0, 'r12': 0, 'r13': 4, 'r14': 17, 'r15': 4094 	  ('4'@Opcode.LD_STACK:Register.r9 0)
  DEBUG emulator:simulation TICK:  21 PC:   5  MEM_OUT: r9 r11 reg: 'r0': 0, 'r1': 0, 'r2': 0, 'r3': 0, 'r4': 17, 'r5': 0, 'r6': 0, 'r7': 0, 'r8': 0, 'r9': 17, 'r10': 0, 'r11': 0, 'r12': 0, 'r13': 5, 'r14': 17, 'r15': 4094 	  ('5'@Opcode.MV:Register.r9 Register.r11)
  DEBUG emulator:simulation TICK:  25 PC:   6  MEM_OUT: r11 0 reg: 'r0': 0, 'r1': 0, 'r2': 0, 'r3': 0, 'r4': 17, 'r5': 0, 'r6': 0, 'r7': 0, 'r8': 0, 'r9': 17, 'r10': 0, 'r11': 17, 'r12': 0, 'r13': 6, 'r14': Register.r9, 'r15': 4094 	  ('6'@Opcode.INC:Register.r11 0)
  DEBUG emulator:simulation TICK:  28 PC:   7  MEM_OUT: r9 r9 reg: 'r0': 0, 'r1': 0, 'r2': 0, 'r3': 0, 'r4': 17, 'r5': 0, 'r6': 0, 'r7': 0, 'r8': 0, 'r9': 17, 'r10': 0, 'r11': 18, 'r12': 0, 'r13': 7, 'r14': Register.r11, 'r15': 4094 	  ('7'@Opcode.LD:Register.r9 Register.r9)
  DEBUG emulator:simulation TICK:  33 PC:   8  MEM_OUT: r10 0 reg: 'r0': 0, 'r1': 0, 'r2': 0, 'r3': 0, 'r4': 17, 'r5': 0, 'r6': 0, 'r7': 0, 'r8': 0, 'r9': 13, 'r10': 0, 'r11': 18, 'r12': 0, 'r13': 8, 'r14': 13, 'r15': 4094 	  ('8'@Opcode.LD_LIT:Register.r10 0)
  DEBUG emulator:simulation TICK:  36 PC:   9  MEM_OUT: r9 r10 reg: 'r0': 0, 'r1': 0, 'r2': 0, 'r3': 0, 'r4': 17, 'r5': 0, 'r6': 0, 'r7': 0, 'r8': 0, 'r9': 13, 'r10': 0, 'r11': 18, 'r12': 0, 'r13': 9, 'r14': Register.r10, 'r15': 4094 	  ('9'@Opcode.CMP:Register.r9 Register.r10)
  DEBUG emulator:simulation TICK:  41 PC:  10  MEM_OUT: 16 0 reg: 'r0': 0, 'r1': 0, 'r2': 0, 'r3': 0, 'r4': 17, 'r5': 0, 'r6': 0, 'r7': 0, 'r8': 0, 'r9': 13, 'r10': 0, 'r11': 18, 'r12': 0, 'r13': 10, 'r14': Register.r9, 'r15': 4094 	  ('10'@Opcode.JE:16 0)
  DEBUG emulator:simulation TICK:  43 PC:  11  MEM_OUT: r10 0 reg: 'r0': 0, 'r1': 0, 'r2': 0, 'r3': 0, 'r4': 17, 'r5': 0, 'r6': 0, 'r7': 0, 'r8': 0, 'r9': 13, 'r10': 0, 'r11': 18, 'r12': 0, 'r13': 11, 'r14': 16, 'r15': 4094 	  ('11'@Opcode.INC:Register.r10 0)
  DEBUG emulator:simulation TICK:  46 PC:  12  MEM_OUT: r12 r11 reg: 'r0': 0, 'r1': 0, 'r2': 0, 'r3': 0, 'r4': 17, 'r5': 0, 'r6': 0, 'r7': 0, 'r8': 0, 'r9': 13, 'r10': 1, 'r11': 18, 'r12': 0, 'r13': 12, 'r14': Register.r10, 'r15': 4094 	  ('12'@Opcode.LD:Register.r12 Register.r11)
  DEBUG emulator:simulation TICK:  51 PC:  13  MEM_OUT: r12 0 reg: 'r0': 0, 'r1': 0, 'r2': 0, 'r3': 0, 'r4': 17, 'r5': 0, 'r6': 0, 'r7': 0, 'r8': 0, 'r9': 13, 'r10': 1, 'r11': 18, 'r12': 72, 'r13': 13, 'r14': 72, 'r15': 4094 	  ('13'@Opcode.PRINT:Register.r12 0)
  DEBUG emulator:simulation TICK:  55 PC:  14  MEM_OUT: r11 0 reg: 'r0': 0, 'r1': 0, 'r2': 0, 'r3': 0, 'r4': 17, 'r5': 0, 'r6': 0, 'r7': 0, 'r8': 0, 'r9': 13, 'r10': 1, 'r11': 18, 'r12': 72, 'r13': 14, 'r14': Register.r12, 'r15': 4094 	  ('14'@Opcode.INC:Register.r11 0)
  DEBUG emulator:simulation TICK:  58 PC:  15  MEM_OUT: 9 0 reg: 'r0': 0, 'r1': 0, 'r2': 0, 'r3': 0, 'r4': 17, 'r5': 0, 'r6': 0, 'r7': 0, 'r8': 0, 'r9': 13, 'r10': 1, 'r11': 19, 'r12': 72, 'r13': 15, 'r14': Register.r11, 'r15': 4094 	  ('15'@Opcode.JUMP:9 0)
  DEBUG emulator:simulation TICK:  60 PC:   9  MEM_OUT: r9 r10 reg: 'r0': 0, 'r1': 0, 'r2': 0, 'r3': 0, 'r4': 17, 'r5': 0, 'r6': 0, 'r7': 0, 'r8': 0, 'r9': 13, 'r10': 1, 'r11': 19, 'r12': 72, 'r13': 9, 'r14': 9, 'r15': 4094 	  ('9'@Opcode.CMP:Register.r9 Register.r10)
  DEBUG emulator:simulation TICK:  65 PC:  10  MEM_OUT: 16 0 reg: 'r0': 0, 'r1': 0, 'r2': 0, 'r3': 0, 'r4': 17, 'r5': 0, 'r6': 0, 'r7': 0, 'r8': 0, 'r9': 13, 'r10': 1, 'r11': 19, 'r12': 72, 'r13': 10, 'r14': Register.r9, 'r15': 4094 	  ('10'@Opcode.JE:16 0)
  DEBUG emulator:simulation TICK:  67 PC:  11  MEM_OUT: r10 0 reg: 'r0': 0, 'r1': 0, 'r2': 0, 'r3': 0, 'r4': 17, 'r5': 0, 'r6': 0, 'r7': 0, 'r8': 0, 'r9': 13, 'r10': 1, 'r11': 19, 'r12': 72, 'r13': 11, 'r14': 16, 'r15': 4094 	  ('11'@Opcode.INC:Register.r10 0)
  DEBUG emulator:simulation TICK:  70 PC:  12  MEM_OUT: r12 r11 reg: 'r0': 0, 'r1': 0, 'r2': 0, 'r3': 0, 'r4': 17, 'r5': 0, 'r6': 0, 'r7': 0, 'r8': 0, 'r9': 13, 'r10': 2, 'r11': 19, 'r12': 72, 'r13': 12, 'r14': Register.r10, 'r15': 4094 	  ('12'@Opcode.LD:Register.r12 Register.r11)
  DEBUG emulator:simulation TICK:  75 PC:  13  MEM_OUT: r12 0 reg: 'r0': 0, 'r1': 0, 'r2': 0, 'r3': 0, 'r4': 17, 'r5': 0, 'r6': 0, 'r7': 0, 'r8': 0, 'r9': 13, 'r10': 2, 'r11': 19, 'r12': 101, 'r13': 13, 'r14': 101, 'r15': 4094 	  ('13'@Opcode.PRINT:Register.r12 0)
  DEBUG emulator:simulation TICK:  79 PC:  14  MEM_OUT: r11 0 reg: 'r0': 0, 'r1': 0, 'r2': 0, 'r3': 0, 'r4': 17, 'r5': 0, 'r6': 0, 'r7': 0, 'r8': 0, 'r9': 13, 'r10': 2, 'r11': 19, 'r12': 101, 'r13': 14, 'r14': Register.r12, 'r15': 4094 	  ('14'@Opcode.INC:Register.r11 0)
  DEBUG emulator:simulation TICK:  82 PC:  15  MEM_OUT: 9 0 reg: 'r0': 0, 'r1': 0, 'r2': 0, 'r3': 0, 'r4': 17, 'r5': 0, 'r6': 0, 'r7': 0, 'r8': 0, 'r9': 13, 'r10': 2, 'r11': 20, 'r12': 101, 'r13': 15, 'r14': Register.r11, 'r15': 4094 	  ('15'@Opcode.JUMP:9 0)
  DEBUG emulator:simulation TICK:  84 PC:   9  MEM_OUT: r9 r10 reg: 'r0': 0, 'r1': 0, 'r2': 0, 'r3': 0, 'r4': 17, 'r5': 0, 'r6': 0, 'r7': 0, 'r8': 0, 'r9': 13, 'r10': 2, 'r11': 20, 'r12': 101, 'r13': 9, 'r14': 9, 'r15': 4094 	  ('9'@Opcode.CMP:Register.r9 Register.r10)
  DEBUG emulator:simulation TICK:  89 PC:  10  MEM_OUT: 16 0 reg: 'r0': 0, 'r1': 0, 'r2': 0, 'r3': 0, 'r4': 17, 'r5': 0, 'r6': 0, 'r7': 0, 'r8': 0, 'r9': 13, 'r10': 2, 'r11': 20, 'r12': 101, 'r13': 10, 'r14': Register.r9, 'r15': 4094 	  ('10'@Opcode.JE:16 0)
  DEBUG emulator:simulation TICK:  91 PC:  11  MEM_OUT: r10 0 reg: 'r0': 0, 'r1': 0, 'r2': 0, 'r3': 0, 'r4': 17, 'r5': 0, 'r6': 0, 'r7': 0, 'r8': 0, 'r9': 13, 'r10': 2, 'r11': 20, 'r12': 101, 'r13': 11, 'r14': 16, 'r15': 4094 	  ('11'@Opcode.INC:Register.r10 0)
  DEBUG emulator:simulation TICK:  94 PC:  12  MEM_OUT: r12 r11 reg: 'r0': 0, 'r1': 0, 'r2': 0, 'r3': 0, 'r4': 17, 'r5': 0, 'r6': 0, 'r7': 0, 'r8': 0, 'r9': 13, 'r10': 3, 'r11': 20, 'r12': 101, 'r13': 12, 'r14': Register.r10, 'r15': 4094 	  ('12'@Opcode.LD:Register.r12 Register.r11)
  DEBUG emulator:simulation TICK:  99 PC:  13  MEM_OUT: r12 0 reg: 'r0': 0, 'r1': 0, 'r2': 0, 'r3': 0, 'r4': 17, 'r5': 0, 'r6': 0, 'r7': 0, 'r8': 0, 'r9': 13, 'r10': 3, 'r11': 20, 'r12': 108, 'r13': 13, 'r14': 108, 'r15': 4094 	  ('13'@Opcode.PRINT:Register.r12 0)
  DEBUG emulator:simulation TICK: 103 PC:  14  MEM_OUT: r11 0 reg: 'r0': 0, 'r1': 0, 'r2': 0, 'r3': 0, 'r4': 17, 'r5': 0, 'r6': 0, 'r7': 0, 'r8': 0, 'r9': 13, 'r10': 3, 'r11': 20, 'r12': 108, 'r13': 14, 'r14': Register.r12, 'r15': 4094 	  ('14'@Opcode.INC:Register.r11 0)
  DEBUG emulator:simulation TICK: 106 PC:  15  MEM_OUT: 9 0 reg: 'r0': 0, 'r1': 0, 'r2': 0, 'r3': 0, 'r4': 17, 'r5': 0, 'r6': 0, 'r7': 0, 'r8': 0, 'r9': 13, 'r10': 3, 'r11': 21, 'r12': 108, 'r13': 15, 'r14': Register.r11, 'r15': 4094 	  ('15'@Opcode.JUMP:9 0)
  DEBUG emulator:simulation TICK: 108 PC:   9  MEM_OUT: r9 r10 reg: 'r0': 0, 'r1': 0, 'r2': 0, 'r3': 0, 'r4': 17, 'r5': 0, 'r6': 0, 'r7': 0, 'r8': 0, 'r9': 13, 'r10': 3, 'r11': 21, 'r12': 108, 'r13': 9, 'r14': 9, 'r15': 4094 	  ('9'@Opcode.CMP:Register.r9 Register.r10)
  DEBUG emulator:simulation TICK: 113 PC:  10  MEM_OUT: 16 0 reg: 'r0': 0, 'r1': 0, 'r2': 0, 'r3': 0, 'r4': 17, 'r5': 0, 'r6': 0, 'r7': 0, 'r8': 0, 'r9': 13, 'r10': 3, 'r11': 21, 'r12': 108, 'r13': 10, 'r14': Register.r9, 'r15': 4094 	  ('10'@Opcode.JE:16 0)
  DEBUG emulator:simulation TICK: 115 PC:  11  MEM_OUT: r10 0 reg: 'r0': 0, 'r1': 0, 'r2': 0, 'r3': 0, 'r4': 17, 'r5': 0, 'r6': 0, 'r7': 0, 'r8': 0, 'r9': 13, 'r10': 3, 'r11': 21, 'r12': 108, 'r13': 11, 'r14': 16, 'r15': 4094 	  ('11'@Opcode.INC:Register.r10 0)
  DEBUG emulator:simulation TICK: 118 PC:  12  MEM_OUT: r12 r11 reg: 'r0': 0, 'r1': 0, 'r2': 0, 'r3': 0, 'r4': 17, 'r5': 0, 'r6': 0, 'r7': 0, 'r8': 0, 'r9': 13, 'r10': 4, 'r11': 21, 'r12': 108, 'r13': 12, 'r14': Register.r10, 'r15': 4094 	  ('12'@Opcode.LD:Register.r12 Register.r11)
  DEBUG emulator:simulation TICK: 123 PC:  13  MEM_OUT: r12 0 reg: 'r0': 0, 'r1': 0, 'r2': 0, 'r3': 0, 'r4': 17, 'r5': 0, 'r6': 0, 'r7': 0, 'r8': 0, 'r9': 13, 'r10': 4, 'r11': 21, 'r12': 108, 'r13': 13, 'r14': 108, 'r15': 4094 	  ('13'@Opcode.PRINT:Register.r12 0)
  DEBUG emulator:simulation TICK: 127 PC:  14  MEM_OUT: r11 0 reg: 'r0': 0, 'r1': 0, 'r2': 0, 'r3': 0, 'r4': 17, 'r5': 0, 'r6': 0, 'r7': 0, 'r8': 0, 'r9': 13, 'r10': 4, 'r11': 21, 'r12': 108, 'r13': 14, 'r14': Register.r12, 'r15': 4094 	  ('14'@Opcode.INC:Register.r11 0)
  DEBUG emulator:simulation TICK: 130 PC:  15  MEM_OUT: 9 0 reg: 'r0': 0, 'r1': 0, 'r2': 0, 'r3': 0, 'r4': 17, 'r5': 0, 'r6': 0, 'r7': 0, 'r8': 0, 'r9': 13, 'r10': 4, 'r11': 22, 'r12': 108, 'r13': 15, 'r14': Register.r11, 'r15': 4094 	  ('15'@Opcode.JUMP:9 0)
  DEBUG emulator:simulation TICK: 132 PC:   9  MEM_OUT: r9 r10 reg: 'r0': 0, 'r1': 0, 'r2': 0, 'r3': 0, 'r4': 17, 'r5': 0, 'r6': 0, 'r7': 0, 'r8': 0, 'r9': 13, 'r10': 4, 'r11': 22, 'r12': 108, 'r13': 9, 'r14': 9, 'r15': 4094 	  ('9'@Opcode.CMP:Register.r9 Register.r10)
  DEBUG emulator:simulation TICK: 137 PC:  10  MEM_OUT: 16 0 reg: 'r0': 0, 'r1': 0, 'r2': 0, 'r3': 0, 'r4': 17, 'r5': 0, 'r6': 0, 'r7': 0, 'r8': 0, 'r9': 13, 'r10': 4, 'r11': 22, 'r12': 108, 'r13': 10, 'r14': Register.r9, 'r15': 4094 	  ('10'@Opcode.JE:16 0)
  DEBUG emulator:simulation TICK: 139 PC:  11  MEM_OUT: r10 0 reg: 'r0': 0, 'r1': 0, 'r2': 0, 'r3': 0, 'r4': 17, 'r5': 0, 'r6': 0, 'r7': 0, 'r8': 0, 'r9': 13, 'r10': 4, 'r11': 22, 'r12': 108, 'r13': 11, 'r14': 16, 'r15': 4094 	  ('11'@Opcode.INC:Register.r10 0)
  DEBUG emulator:simulation TICK: 142 PC:  12  MEM_OUT: r12 r11 reg: 'r0': 0, 'r1': 0, 'r2': 0, 'r3': 0, 'r4': 17, 'r5': 0, 'r6': 0, 'r7': 0, 'r8': 0, 'r9': 13, 'r10': 5, 'r11': 22, 'r12': 108, 'r13': 12, 'r14': Register.r10, 'r15': 4094 	  ('12'@Opcode.LD:Register.r12 Register.r11)
  DEBUG emulator:simulation TICK: 147 PC:  13  MEM_OUT: r12 0 reg: 'r0': 0, 'r1': 0, 'r2': 0, 'r3': 0, 'r4': 17, 'r5': 0, 'r6': 0, 'r7': 0, 'r8': 0, 'r9': 13, 'r10': 5, 'r11': 22, 'r12': 111, 'r13': 13, 'r14': 111, 'r15': 4094 	  ('13'@Opcode.PRINT:Register.r12 0)
  DEBUG emulator:simulation TICK: 151 PC:  14  MEM_OUT: r11 0 reg: 'r0': 0, 'r1': 0, 'r2': 0, 'r3': 0, 'r4': 17, 'r5': 0, 'r6': 0, 'r7': 0, 'r8': 0, 'r9': 13, 'r10': 5, 'r11': 22, 'r12': 111, 'r13': 14, 'r14': Register.r12, 'r15': 4094 	  ('14'@Opcode.INC:Register.r11 0)
  DEBUG emulator:simulation TICK: 154 PC:  15  MEM_OUT: 9 0 reg: 'r0': 0, 'r1': 0, 'r2': 0, 'r3': 0, 'r4': 17, 'r5': 0, 'r6': 0, 'r7': 0, 'r8': 0, 'r9': 13, 'r10': 5, 'r11': 23, 'r12': 111, 'r13': 15, 'r14': Register.r11, 'r15': 4094 	  ('15'@Opcode.JUMP:9 0)
  DEBUG emulator:simulation TICK: 156 PC:   9  MEM_OUT: r9 r10 reg: 'r0': 0, 'r1': 0, 'r2': 0, 'r3': 0, 'r4': 17, 'r5': 0, 'r6': 0, 'r7': 0, 'r8': 0, 'r9': 13, 'r10': 5, 'r11': 23, 'r12': 111, 'r13': 9, 'r14': 9, 'r15': 4094 	  ('9'@Opcode.CMP:Register.r9 Register.r10)
  DEBUG emulator:simulation TICK: 161 PC:  10  MEM_OUT: 16 0 reg: 'r0': 0, 'r1': 0, 'r2': 0, 'r3': 0, 'r4': 17, 'r5': 0, 'r6': 0, 'r7': 0, 'r8': 0, 'r9': 13, 'r10': 5, 'r11': 23, 'r12': 111, 'r13': 10, 'r14': Register.r9, 'r15': 4094 	  ('10'@Opcode.JE:16 0)
  DEBUG emulator:simulation TICK: 163 PC:  11  MEM_OUT: r10 0 reg: 'r0': 0, 'r1': 0, 'r2': 0, 'r3': 0, 'r4': 17, 'r5': 0, 'r6': 0, 'r7': 0, 'r8': 0, 'r9': 13, 'r10': 5, 'r11': 23, 'r12': 111, 'r13': 11, 'r14': 16, 'r15': 4094 	  ('11'@Opcode.INC:Register.r10 0)
  DEBUG emulator:simulation TICK: 166 PC:  12  MEM_OUT: r12 r11 reg: 'r0': 0, 'r1': 0, 'r2': 0, 'r3': 0, 'r4': 17, 'r5': 0, 'r6': 0, 'r7': 0, 'r8': 0, 'r9': 13, 'r10': 6, 'r11': 23, 'r12': 111, 'r13': 12, 'r14': Register.r10, 'r15': 4094 	  ('12'@Opcode.LD:Register.r12 Register.r11)
  DEBUG emulator:simulation TICK: 171 PC:  13  MEM_OUT: r12 0 reg: 'r0': 0, 'r1': 0, 'r2': 0, 'r3': 0, 'r4': 17, 'r5': 0, 'r6': 0, 'r7': 0, 'r8': 0, 'r9': 13, 'r10': 6, 'r11': 23, 'r12': 44, 'r13': 13, 'r14': 44, 'r15': 4094 	  ('13'@Opcode.PRINT:Register.r12 0)
  DEBUG emulator:simulation TICK: 175 PC:  14  MEM_OUT: r11 0 reg: 'r0': 0, 'r1': 0, 'r2': 0, 'r3': 0, 'r4': 17, 'r5': 0, 'r6': 0, 'r7': 0, 'r8': 0, 'r9': 13, 'r10': 6, 'r11': 23, 'r12': 44, 'r13': 14, 'r14': Register.r12, 'r15': 4094 	  ('14'@Opcode.INC:Register.r11 0)
  DEBUG emulator:simulation TICK: 178 PC:  15  MEM_OUT: 9 0 reg: 'r0': 0, 'r1': 0, 'r2': 0, 'r3': 0, 'r4': 17, 'r5': 0, 'r6': 0, 'r7': 0, 'r8': 0, 'r9': 13, 'r10': 6, 'r11': 24, 'r12': 44, 'r13': 15, 'r14': Register.r11, 'r15': 4094 	  ('15'@Opcode.JUMP:9 0)
  DEBUG emulator:simulation TICK: 180 PC:   9  MEM_OUT: r9 r10 reg: 'r0': 0, 'r1': 0, 'r2': 0, 'r3': 0, 'r4': 17, 'r5': 0, 'r6': 0, 'r7': 0, 'r8': 0, 'r9': 13, 'r10': 6, 'r11': 24, 'r12': 44, 'r13': 9, 'r14': 9, 'r15': 4094 	  ('9'@Opcode.CMP:Register.r9 Register.r10)
  DEBUG emulator:simulation TICK: 185 PC:  10  MEM_OUT: 16 0 reg: 'r0': 0, 'r1': 0, 'r2': 0, 'r3': 0, 'r4': 17, 'r5': 0, 'r6': 0, 'r7': 0, 'r8': 0, 'r9': 13, 'r10': 6, 'r11': 24, 'r12': 44, 'r13': 10, 'r14': Register.r9, 'r15': 4094 	  ('10'@Opcode.JE:16 0)
  DEBUG emulator:simulation TICK: 187 PC:  11  MEM_OUT: r10 0 reg: 'r0': 0, 'r1': 0, 'r2': 0, 'r3': 0, 'r4': 17, 'r5': 0, 'r6': 0, 'r7': 0, 'r8': 0, 'r9': 13, 'r10': 6, 'r11': 24, 'r12': 44, 'r13': 11, 'r14': 16, 'r15': 4094 	  ('11'@Opcode.INC:Register.r10 0)
  DEBUG emulator:simulation TICK: 190 PC:  12  MEM_OUT: r12 r11 reg: 'r0': 0, 'r1': 0, 'r2': 0, 'r3': 0, 'r4': 17, 'r5': 0, 'r6': 0, 'r7': 0, 'r8': 0, 'r9': 13, 'r10': 7, 'r11': 24, 'r12': 44, 'r13': 12, 'r14': Register.r10, 'r15': 4094 	  ('12'@Opcode.LD:Register.r12 Register.r11)
  DEBUG emulator:simulation TICK: 195 PC:  13  MEM_OUT: r12 0 reg: 'r0': 0, 'r1': 0, 'r2': 0, 'r3': 0, 'r4': 17, 'r5': 0, 'r6': 0, 'r7': 0, 'r8': 0, 'r9': 13, 'r10': 7, 'r11': 24, 'r12': 32, 'r13': 13, 'r14': 32, 'r15': 4094 	  ('13'@Opcode.PRINT:Register.r12 0)
  DEBUG emulator:simulation TICK: 199 PC:  14  MEM_OUT: r11 0 reg: 'r0': 0, 'r1': 0, 'r2': 0, 'r3': 0, 'r4': 17, 'r5': 0, 'r6': 0, 'r7': 0, 'r8': 0, 'r9': 13, 'r10': 7, 'r11': 24, 'r12': 32, 'r13': 14, 'r14': Register.r12, 'r15': 4094 	  ('14'@Opcode.INC:Register.r11 0)
  DEBUG emulator:simulation TICK: 202 PC:  15  MEM_OUT: 9 0 reg: 'r0': 0, 'r1': 0, 'r2': 0, 'r3': 0, 'r4': 17, 'r5': 0, 'r6': 0, 'r7': 0, 'r8': 0, 'r9': 13, 'r10': 7, 'r11': 25, 'r12': 32, 'r13': 15, 'r14': Register.r11, 'r15': 4094 	  ('15'@Opcode.JUMP:9 0)
  DEBUG emulator:simulation TICK: 204 PC:   9  MEM_OUT: r9 r10 reg: 'r0': 0, 'r1': 0, 'r2': 0, 'r3': 0, 'r4': 17, 'r5': 0, 'r6': 0, 'r7': 0, 'r8': 0, 'r9': 13, 'r10': 7, 'r11': 25, 'r12': 32, 'r13': 9, 'r14': 9, 'r15': 4094 	  ('9'@Opcode.CMP:Register.r9 Register.r10)
  DEBUG emulator:simulation TICK: 209 PC:  10  MEM_OUT: 16 0 reg: 'r0': 0, 'r1': 0, 'r2': 0, 'r3': 0, 'r4': 17, 'r5': 0, 'r6': 0, 'r7': 0, 'r8': 0, 'r9': 13, 'r10': 7, 'r11': 25, 'r12': 32, 'r13': 10, 'r14': Register.r9, 'r15': 4094 	  ('10'@Opcode.JE:16 0)
  DEBUG emulator:simulation TICK: 211 PC:  11  MEM_OUT: r10 0 reg: 'r0': 0, 'r1': 0, 'r2': 0, 'r3': 0, 'r4': 17, 'r5': 0, 'r6': 0, 'r7': 0, 'r8': 0, 'r9': 13, 'r10': 7, 'r11': 25, 'r12': 32, 'r13': 11, 'r14': 16, 'r15': 4094 	  ('11'@Opcode.INC:Register.r10 0)
  DEBUG emulator:simulation TICK: 214 PC:  12  MEM_OUT: r12 r11 reg: 'r0': 0, 'r1': 0, 'r2': 0, 'r3': 0, 'r4': 17, 'r5': 0, 'r6': 0, 'r7': 0, 'r8': 0, 'r9': 13, 'r10': 8, 'r11': 25, 'r12': 32, 'r13': 12, 'r14': Register.r10, 'r15': 4094 	  ('12'@Opcode.LD:Register.r12 Register.r11)
  DEBUG emulator:simulation TICK: 219 PC:  13  MEM_OUT: r12 0 reg: 'r0': 0, 'r1': 0, 'r2': 0, 'r3': 0, 'r4': 17, 'r5': 0, 'r6': 0, 'r7': 0, 'r8': 0, 'r9': 13, 'r10': 8, 'r11': 25, 'r12': 119, 'r13': 13, 'r14': 119, 'r15': 4094 	  ('13'@Opcode.PRINT:Register.r12 0)
  DEBUG emulator:simulation TICK: 223 PC:  14  MEM_OUT: r11 0 reg: 'r0': 0, 'r1': 0, 'r2': 0, 'r3': 0, 'r4': 17, 'r5': 0, 'r6': 0, 'r7': 0, 'r8': 0, 'r9': 13, 'r10': 8, 'r11': 25, 'r12': 119, 'r13': 14, 'r14': Register.r12, 'r15': 4094 	  ('14'@Opcode.INC:Register.r11 0)
  DEBUG emulator:simulation TICK: 226 PC:  15  MEM_OUT: 9 0 reg: 'r0': 0, 'r1': 0, 'r2': 0, 'r3': 0, 'r4': 17, 'r5': 0, 'r6': 0, 'r7': 0, 'r8': 0, 'r9': 13, 'r10': 8, 'r11': 26, 'r12': 119, 'r13': 15, 'r14': Register.r11, 'r15': 4094 	  ('15'@Opcode.JUMP:9 0)
  DEBUG emulator:simulation TICK: 228 PC:   9  MEM_OUT: r9 r10 reg: 'r0': 0, 'r1': 0, 'r2': 0, 'r3': 0, 'r4': 17, 'r5': 0, 'r6': 0, 'r7': 0, 'r8': 0, 'r9': 13, 'r10': 8, 'r11': 26, 'r12': 119, 'r13': 9, 'r14': 9, 'r15': 4094 	  ('9'@Opcode.CMP:Register.r9 Register.r10)
  DEBUG emulator:simulation TICK: 233 PC:  10  MEM_OUT: 16 0 reg: 'r0': 0, 'r1': 0, 'r2': 0, 'r3': 0, 'r4': 17, 'r5': 0, 'r6': 0, 'r7': 0, 'r8': 0, 'r9': 13, 'r10': 8, 'r11': 26, 'r12': 119, 'r13': 10, 'r14': Register.r9, 'r15': 4094 	  ('10'@Opcode.JE:16 0)
  DEBUG emulator:simulation TICK: 235 PC:  11  MEM_OUT: r10 0 reg: 'r0': 0, 'r1': 0, 'r2': 0, 'r3': 0, 'r4': 17, 'r5': 0, 'r6': 0, 'r7': 0, 'r8': 0, 'r9': 13, 'r10': 8, 'r11': 26, 'r12': 119, 'r13': 11, 'r14': 16, 'r15': 4094 	  ('11'@Opcode.INC:Register.r10 0)
  DEBUG emulator:simulation TICK: 238 PC:  12  MEM_OUT: r12 r11 reg: 'r0': 0, 'r1': 0, 'r2': 0, 'r3': 0, 'r4': 17, 'r5': 0, 'r6': 0, 'r7': 0, 'r8': 0, 'r9': 13, 'r10': 9, 'r11': 26, 'r12': 119, 'r13': 12, 'r14': Register.r10, 'r15': 4094 	  ('12'@Opcode.LD:Register.r12 Register.r11)
  DEBUG emulator:simulation TICK: 243 PC:  13  MEM_OUT: r12 0 reg: 'r0': 0, 'r1': 0, 'r2': 0, 'r3': 0, 'r4': 17, 'r5': 0, 'r6': 0, 'r7': 0, 'r8': 0, 'r9': 13, 'r10': 9, 'r11': 26, 'r12': 111, 'r13': 13, 'r14': 111, 'r15': 4094 	  ('13'@Opcode.PRINT:Register.r12 0)
  DEBUG emulator:simulation TICK: 247 PC:  14  MEM_OUT: r11 0 reg: 'r0': 0, 'r1': 0, 'r2': 0, 'r3': 0, 'r4': 17, 'r5': 0, 'r6': 0, 'r7': 0, 'r8': 0, 'r9': 13, 'r10': 9, 'r11': 26, 'r12': 111, 'r13': 14, 'r14': Register.r12, 'r15': 4094 	  ('14'@Opcode.INC:Register.r11 0)
  DEBUG emulator:simulation TICK: 250 PC:  15  MEM_OUT: 9 0 reg: 'r0': 0, 'r1': 0, 'r2': 0, 'r3': 0, 'r4': 17, 'r5': 0, 'r6': 0, 'r7': 0, 'r8': 0, 'r9': 13, 'r10': 9, 'r11': 27, 'r12': 111, 'r13': 15, 'r14': Register.r11, 'r15': 4094 	  ('15'@Opcode.JUMP:9 0)
  DEBUG emulator:simulation TICK: 252 PC:   9  MEM_OUT: r9 r10 reg: 'r0': 0, 'r1': 0, 'r2': 0, 'r3': 0, 'r4': 17, 'r5': 0, 'r6': 0, 'r7': 0, 'r8': 0, 'r9': 13, 'r10': 9, 'r11': 27, 'r12': 111, 'r13': 9, 'r14': 9, 'r15': 4094 	  ('9'@Opcode.CMP:Register.r9 Register.r10)
  DEBUG emulator:simulation TICK: 257 PC:  10  MEM_OUT: 16 0 reg: 'r0': 0, 'r1': 0, 'r2': 0, 'r3': 0, 'r4': 17, 'r5': 0, 'r6': 0, 'r7': 0, 'r8': 0, 'r9': 13, 'r10': 9, 'r11': 27, 'r12': 111, 'r13': 10, 'r14': Register.r9, 'r15': 4094 	  ('10'@Opcode.JE:16 0)
  DEBUG emulator:simulation TICK: 259 PC:  11  MEM_OUT: r10 0 reg: 'r0': 0, 'r1': 0, 'r2': 0, 'r3': 0, 'r4': 17, 'r5': 0, 'r6': 0, 'r7': 0, 'r8': 0, 'r9': 13, 'r10': 9, 'r11': 27, 'r12': 111, 'r13': 11, 'r14': 16, 'r15': 4094 	  ('11'@Opcode.INC:Register.r10 0)
  DEBUG emulator:simulation TICK: 262 PC:  12  MEM_OUT: r12 r11 reg: 'r0': 0, 'r1': 0, 'r2': 0, 'r3': 0, 'r4': 17, 'r5': 0, 'r6': 0, 'r7': 0, 'r8': 0, 'r9': 13, 'r10': 10, 'r11': 27, 'r12': 111, 'r13': 12, 'r14': Register.r10, 'r15': 4094 	  ('12'@Opcode.LD:Register.r12 Register.r11)
  DEBUG emulator:simulation TICK: 267 PC:  13  MEM_OUT: r12 0 reg: 'r0': 0, 'r1': 0, 'r2': 0, 'r3': 0, 'r4': 17, 'r5': 0, 'r6': 0, 'r7': 0, 'r8': 0, 'r9': 13, 'r10': 10, 'r11': 27, 'r12': 114, 'r13': 13, 'r14': 114, 'r15': 4094 	  ('13'@Opcode.PRINT:Register.r12 0)
  DEBUG emulator:simulation TICK: 271 PC:  14  MEM_OUT: r11 0 reg: 'r0': 0, 'r1': 0, 'r2': 0, 'r3': 0, 'r4': 17, 'r5': 0, 'r6': 0, 'r7': 0, 'r8': 0, 'r9': 13, 'r10': 10, 'r11': 27, 'r12': 114, 'r13': 14, 'r14': Register.r12, 'r15': 4094 	  ('14'@Opcode.INC:Register.r11 0)
  DEBUG emulator:simulation TICK: 274 PC:  15  MEM_OUT: 9 0 reg: 'r0': 0, 'r1': 0, 'r2': 0, 'r3': 0, 'r4': 17, 'r5': 0, 'r6': 0, 'r7': 0, 'r8': 0, 'r9': 13, 'r10': 10, 'r11': 28, 'r12': 114, 'r13': 15, 'r14': Register.r11, 'r15': 4094 	  ('15'@Opcode.JUMP:9 0)
  DEBUG emulator:simulation TICK: 276 PC:   9  MEM_OUT: r9 r10 reg: 'r0': 0, 'r1': 0, 'r2': 0, 'r3': 0, 'r4': 17, 'r5': 0, 'r6': 0, 'r7': 0, 'r8': 0, 'r9': 13, 'r10': 10, 'r11': 28, 'r12': 114, 'r13': 9, 'r14': 9, 'r15': 4094 	  ('9'@Opcode.CMP:Register.r9 Register.r10)
  DEBUG emulator:simulation TICK: 281 PC:  10  MEM_OUT: 16 0 reg: 'r0': 0, 'r1': 0, 'r2': 0, 'r3': 0, 'r4': 17, 'r5': 0, 'r6': 0, 'r7': 0, 'r8': 0, 'r9': 13, 'r10': 10, 'r11': 28, 'r12': 114, 'r13': 10, 'r14': Register.r9, 'r15': 4094 	  ('10'@Opcode.JE:16 0)
  DEBUG emulator:simulation TICK: 283 PC:  11  MEM_OUT: r10 0 reg: 'r0': 0, 'r1': 0, 'r2': 0, 'r3': 0, 'r4': 17, 'r5': 0, 'r6': 0, 'r7': 0, 'r8': 0, 'r9': 13, 'r10': 10, 'r11': 28, 'r12': 114, 'r13': 11, 'r14': 16, 'r15': 4094 	  ('11'@Opcode.INC:Register.r10 0)
  DEBUG emulator:simulation TICK: 286 PC:  12  MEM_OUT: r12 r11 reg: 'r0': 0, 'r1': 0, 'r2': 0, 'r3': 0, 'r4': 17, 'r5': 0, 'r6': 0, 'r7': 0, 'r8': 0, 'r9': 13, 'r10': 11, 'r11': 28, 'r12': 114, 'r13': 12, 'r14': Register.r10, 'r15': 4094 	  ('12'@Opcode.LD:Register.r12 Register.r11)
  DEBUG emulator:simulation TICK: 291 PC:  13  MEM_OUT: r12 0 reg: 'r0': 0, 'r1': 0, 'r2': 0, 'r3': 0, 'r4': 17, 'r5': 0, 'r6': 0, 'r7': 0, 'r8': 0, 'r9': 13, 'r10': 11, 'r11': 28, 'r12': 108, 'r13': 13, 'r14': 108, 'r15': 4094 	  ('13'@Opcode.PRINT:Register.r12 0)
  DEBUG emulator:simulation TICK: 295 PC:  14  MEM_OUT: r11 0 reg: 'r0': 0, 'r1': 0, 'r2': 0, 'r3': 0, 'r4': 17, 'r5': 0, 'r6': 0, 'r7': 0, 'r8': 0, 'r9': 13, 'r10': 11, 'r11': 28, 'r12': 108, 'r13': 14, 'r14': Register.r12, 'r15': 4094 	  ('14'@Opcode.INC:Register.r11 0)
  DEBUG emulator:simulation TICK: 298 PC:  15  MEM_OUT: 9 0 reg: 'r0': 0, 'r1': 0, 'r2': 0, 'r3': 0, 'r4': 17, 'r5': 0, 'r6': 0, 'r7': 0, 'r8': 0, 'r9': 13, 'r10': 11, 'r11': 29, 'r12': 108, 'r13': 15, 'r14': Register.r11, 'r15': 4094 	  ('15'@Opcode.JUMP:9 0)
  DEBUG emulator:simulation TICK: 300 PC:   9  MEM_OUT: r9 r10 reg: 'r0': 0, 'r1': 0, 'r2': 0, 'r3': 0, 'r4': 17, 'r5': 0, 'r6': 0, 'r7': 0, 'r8': 0, 'r9': 13, 'r10': 11, 'r11': 29, 'r12': 108, 'r13': 9, 'r14': 9, 'r15': 4094 	  ('9'@Opcode.CMP:Register.r9 Register.r10)
  DEBUG emulator:simulation TICK: 305 PC:  10  MEM_OUT: 16 0 reg: 'r0': 0, 'r1': 0, 'r2': 0, 'r3': 0, 'r4': 17, 'r5': 0, 'r6': 0, 'r7': 0, 'r8': 0, 'r9': 13, 'r10': 11, 'r11': 29, 'r12': 108, 'r13': 10, 'r14': Register.r9, 'r15': 4094 	  ('10'@Opcode.JE:16 0)
  DEBUG emulator:simulation TICK: 307 PC:  11  MEM_OUT: r10 0 reg: 'r0': 0, 'r1': 0, 'r2': 0, 'r3': 0, 'r4': 17, 'r5': 0, 'r6': 0, 'r7': 0, 'r8': 0, 'r9': 13, 'r10': 11, 'r11': 29, 'r12': 108, 'r13': 11, 'r14': 16, 'r15': 4094 	  ('11'@Opcode.INC:Register.r10 0)
  DEBUG emulator:simulation TICK: 310 PC:  12  MEM_OUT: r12 r11 reg: 'r0': 0, 'r1': 0, 'r2': 0, 'r3': 0, 'r4': 17, 'r5': 0, 'r6': 0, 'r7': 0, 'r8': 0, 'r9': 13, 'r10': 12, 'r11': 29, 'r12': 108, 'r13': 12, 'r14': Register.r10, 'r15': 4094 	  ('12'@Opcode.LD:Register.r12 Register.r11)
  DEBUG emulator:simulation TICK: 315 PC:  13  MEM_OUT: r12 0 reg: 'r0': 0, 'r1': 0, 'r2': 0, 'r3': 0, 'r4': 17, 'r5': 0, 'r6': 0, 'r7': 0, 'r8': 0, 'r9': 13, 'r10': 12, 'r11': 29, 'r12': 100, 'r13': 13, 'r14': 100, 'r15': 4094 	  ('13'@Opcode.PRINT:Register.r12 0)
  DEBUG emulator:simulation TICK: 319 PC:  14  MEM_OUT: r11 0 reg: 'r0': 0, 'r1': 0, 'r2': 0, 'r3': 0, 'r4': 17, 'r5': 0, 'r6': 0, 'r7': 0, 'r8': 0, 'r9': 13, 'r10': 12, 'r11': 29, 'r12': 100, 'r13': 14, 'r14': Register.r12, 'r15': 4094 	  ('14'@Opcode.INC:Register.r11 0)
  DEBUG emulator:simulation TICK: 322 PC:  15  MEM_OUT: 9 0 reg: 'r0': 0, 'r1': 0, 'r2': 0, 'r3': 0, 'r4': 17, 'r5': 0, 'r6': 0, 'r7': 0, 'r8': 0, 'r9': 13, 'r10': 12, 'r11': 30, 'r12': 100, 'r13': 15, 'r14': Register.r11, 'r15': 4094 	  ('15'@Opcode.JUMP:9 0)
  DEBUG emulator:simulation TICK: 324 PC:   9  MEM_OUT: r9 r10 reg: 'r0': 0, 'r1': 0, 'r2': 0, 'r3': 0, 'r4': 17, 'r5': 0, 'r6': 0, 'r7': 0, 'r8': 0, 'r9': 13, 'r10': 12, 'r11': 30, 'r12': 100, 'r13': 9, 'r14': 9, 'r15': 4094 	  ('9'@Opcode.CMP:Register.r9 Register.r10)
  DEBUG emulator:simulation TICK: 329 PC:  10  MEM_OUT: 16 0 reg: 'r0': 0, 'r1': 0, 'r2': 0, 'r3': 0, 'r4': 17, 'r5': 0, 'r6': 0, 'r7': 0, 'r8': 0, 'r9': 13, 'r10': 12, 'r11': 30, 'r12': 100, 'r13': 10, 'r14': Register.r9, 'r15': 4094 	  ('10'@Opcode.JE:16 0)
  DEBUG emulator:simulation TICK: 331 PC:  11  MEM_OUT: r10 0 reg: 'r0': 0, 'r1': 0, 'r2': 0, 'r3': 0, 'r4': 17, 'r5': 0, 'r6': 0, 'r7': 0, 'r8': 0, 'r9': 13, 'r10': 12, 'r11': 30, 'r12': 100, 'r13': 11, 'r14': 16, 'r15': 4094 	  ('11'@Opcode.INC:Register.r10 0)
  DEBUG emulator:simulation TICK: 334 PC:  12  MEM_OUT: r12 r11 reg: 'r0': 0, 'r1': 0, 'r2': 0, 'r3': 0, 'r4': 17, 'r5': 0, 'r6': 0, 'r7': 0, 'r8': 0, 'r9': 13, 'r10': 13, 'r11': 30, 'r12': 100, 'r13': 12, 'r14': Register.r10, 'r15': 4094 	  ('12'@Opcode.LD:Register.r12 Register.r11)
  DEBUG emulator:simulation TICK: 339 PC:  13  MEM_OUT: r12 0 reg: 'r0': 0, 'r1': 0, 'r2': 0, 'r3': 0, 'r4': 17, 'r5': 0, 'r6': 0, 'r7': 0, 'r8': 0, 'r9': 13, 'r10': 13, 'r11': 30, 'r12': 33, 'r13': 13, 'r14': 33, 'r15': 4094 	  ('13'@Opcode.PRINT:Register.r12 0)
  DEBUG emulator:simulation TICK: 343 PC:  14  MEM_OUT: r11 0 reg: 'r0': 0, 'r1': 0, 'r2': 0, 'r3': 0, 'r4': 17, 'r5': 0, 'r6': 0, 'r7': 0, 'r8': 0, 'r9': 13, 'r10': 13, 'r11': 30, 'r12': 33, 'r13': 14, 'r14': Register.r12, 'r15': 4094 	  ('14'@Opcode.INC:Register.r11 0)
  DEBUG emulator:simulation TICK: 346 PC:  15  MEM_OUT: 9 0 reg: 'r0': 0, 'r1': 0, 'r2': 0, 'r3': 0, 'r4': 17, 'r5': 0, 'r6': 0, 'r7': 0, 'r8': 0, 'r9': 13, 'r10': 13, 'r11': 31, 'r12': 33, 'r13': 15, 'r14': Register.r11, 'r15': 4094 	  ('15'@Opcode.JUMP:9 0)
  DEBUG emulator:simulation TICK: 348 PC:   9  MEM_OUT: r9 r10 reg: 'r0': 0, 'r1': 0, 'r2': 0, 'r3': 0, 'r4': 17, 'r5': 0, 'r6': 0, 'r7': 0, 'r8': 0, 'r9': 13, 'r10': 13, 'r11': 31, 'r12': 33, 'r13': 9, 'r14': 9, 'r15': 4094 	  ('9'@Opcode.CMP:Register.r9 Register.r10)
  DEBUG emulator:simulation TICK: 353 PC:  10  MEM_OUT: 16 0 reg: 'r0': 0, 'r1': 0, 'r2': 0, 'r3': 0, 'r4': 17, 'r5': 0, 'r6': 0, 'r7': 0, 'r8': 0, 'r9': 13, 'r10': 13, 'r11': 31, 'r12': 33, 'r13': 10, 'r14': Register.r9, 'r15': 4094 	  ('10'@Opcode.JE:16 0)
  DEBUG emulator:simulation TICK: 355 PC:  16  MEM_OUT: 0 0 reg: 'r0': 0, 'r1': 0, 'r2': 0, 'r3': 0, 'r4': 17, 'r5': 0, 'r6': 0, 'r7': 0, 'r8': 0, 'r9': 13, 'r10': 13, 'r11': 31, 'r12': 33, 'r13': 16, 'r14': 16, 'r15': 4094 	  ('16'@Opcode.HALT:0 0)
  INFO emulator:simulation output_buffer: 'Hello, world!'
out_stdout: |
  ============================================================
  Hello, world!
  instr_counter:  102 ticks: 356
out_code: |-
  [{"index": 0, "opcode": "LD_LIT", "arg1": "r3", "arg2": 0},
   {"index": 1, "opcode": "PUSH", "arg1": "r3", "arg2": 0},
   {"index": 2, "opcode": "LD_LIT", "arg1": "r4", "arg2": 17},
   {"index": 3, "opcode": "ST_STACK", "arg1": "r4", "arg2": 0},
   {"index": 4, "opcode": "LD_STACK", "arg1": "r9", "arg2": 0},
   {"index": 5, "opcode": "MV", "arg1": "r9", "arg2": "r11"},
   {"index": 6, "opcode": "INC", "arg1": "r11", "arg2": 0},
   {"index": 7, "opcode": "LD", "arg1": "r9", "arg2": "r9"},
   {"index": 8, "opcode": "LD_LIT", "arg1": "r10", "arg2": 0},
   {"index": 9, "opcode": "CMP", "arg1": "r9", "arg2": "r10"},
   {"index": 10, "opcode": "JE", "arg1": 16, "arg2": 0},
   {"index": 11, "opcode": "INC", "arg1": "r10", "arg2": 0},
   {"index": 12, "opcode": "LD", "arg1": "r12", "arg2": "r11"},
   {"index": 13, "opcode": "PRINT", "arg1": "r12", "arg2": 0},
   {"index": 14, "opcode": "INC", "arg1": "r11", "arg2": 0},
   {"index": 15, "opcode": "JUMP", "arg1": 9, "arg2": 0},
   {"index": 16, "opcode": "HALT", "arg1": 0, "arg2": 0},
   {"index": 17, "opcode": "JUMP", "arg1": 13, "arg2": 0},
   {"index": 18, "opcode": "JUMP", "arg1": 72, "arg2": 0},
   {"index": 19, "opcode": "JUMP", "arg1": 101, "arg2": 0},
   {"index": 20, "opcode": "JUMP", "arg1": 108, "arg2": 0},
   {"index": 21, "opcode": "JUMP", "arg1": 108, "arg2": 0},
   {"index": 22, "opcode": "JUMP", "arg1": 111, "arg2": 0},
   {"index": 23, "opcode": "JUMP", "arg1": 44, "arg2": 0},
   {"index": 24, "opcode": "JUMP", "arg1": 32, "arg2": 0},
   {"index": 25, "opcode": "JUMP", "arg1": 119, "arg2": 0},
   {"index": 26, "opcode": "JUMP", "arg1": 111, "arg2": 0},
   {"index": 27, "opcode": "JUMP", "arg1": 114, "arg2": 0},
   {"index": 28, "opcode": "JUMP", "arg1": 108, "arg2": 0},
   {"index": 29, "opcode": "JUMP", "arg1": 100, "arg2": 0},
   {"index": 30, "opcode": "JUMP", "arg1": 33, "arg2": 0},
   {"index": 31, "opcode": "JUMP", "arg1": 32, "arg2": 0}]
